Archive member included to satisfy reference by file (symbol)

/usr/lib/gcc/arm-none-eabi/9.2.1/thumb/v6-m/nofp/libgcc.a(_dvmd_tls.o)
                              CMakeFiles/geeps.dir/usr/local/pico-sdk/src/rp2_common/pico_divider/divider.S.obj (__aeabi_idiv0)
/usr/lib/gcc/arm-none-eabi/9.2.1/../../../arm-none-eabi/lib/thumb/v6-m/nofp/libg.a(lib_a-atexit.o)
                              /usr/lib/gcc/arm-none-eabi/9.2.1/../../../arm-none-eabi/lib/thumb/v6-m/nofp/crt0.o (atexit)
/usr/lib/gcc/arm-none-eabi/9.2.1/../../../arm-none-eabi/lib/thumb/v6-m/nofp/libg.a(lib_a-calloc.o)
                              CMakeFiles/geeps.dir/usr/local/pico-sdk/src/rp2_common/pico_malloc/pico_malloc.c.obj (calloc)
/usr/lib/gcc/arm-none-eabi/9.2.1/../../../arm-none-eabi/lib/thumb/v6-m/nofp/libg.a(lib_a-callocr.o)
                              /usr/lib/gcc/arm-none-eabi/9.2.1/../../../arm-none-eabi/lib/thumb/v6-m/nofp/libg.a(lib_a-calloc.o) (_calloc_r)
/usr/lib/gcc/arm-none-eabi/9.2.1/../../../arm-none-eabi/lib/thumb/v6-m/nofp/libg.a(lib_a-fini.o)
                              /usr/lib/gcc/arm-none-eabi/9.2.1/../../../arm-none-eabi/lib/thumb/v6-m/nofp/crt0.o (__libc_fini_array)
/usr/lib/gcc/arm-none-eabi/9.2.1/../../../arm-none-eabi/lib/thumb/v6-m/nofp/libg.a(lib_a-impure.o)
                              /usr/lib/gcc/arm-none-eabi/9.2.1/../../../arm-none-eabi/lib/thumb/v6-m/nofp/libg.a(lib_a-calloc.o) (_impure_ptr)
/usr/lib/gcc/arm-none-eabi/9.2.1/../../../arm-none-eabi/lib/thumb/v6-m/nofp/libg.a(lib_a-init.o)
                              /usr/lib/gcc/arm-none-eabi/9.2.1/../../../arm-none-eabi/lib/thumb/v6-m/nofp/crt0.o (__libc_init_array)
/usr/lib/gcc/arm-none-eabi/9.2.1/../../../arm-none-eabi/lib/thumb/v6-m/nofp/libg.a(lib_a-malloc.o)
                              CMakeFiles/geeps.dir/usr/local/pico-sdk/src/rp2_common/pico_malloc/pico_malloc.c.obj (malloc)
/usr/lib/gcc/arm-none-eabi/9.2.1/../../../arm-none-eabi/lib/thumb/v6-m/nofp/libg.a(lib_a-mallocr.o)
                              /usr/lib/gcc/arm-none-eabi/9.2.1/../../../arm-none-eabi/lib/thumb/v6-m/nofp/libg.a(lib_a-callocr.o) (_malloc_r)
/usr/lib/gcc/arm-none-eabi/9.2.1/../../../arm-none-eabi/lib/thumb/v6-m/nofp/libg.a(lib_a-mlock.o)
                              /usr/lib/gcc/arm-none-eabi/9.2.1/../../../arm-none-eabi/lib/thumb/v6-m/nofp/libg.a(lib_a-mallocr.o) (__malloc_lock)
/usr/lib/gcc/arm-none-eabi/9.2.1/../../../arm-none-eabi/lib/thumb/v6-m/nofp/libg.a(lib_a-sbrkr.o)
                              /usr/lib/gcc/arm-none-eabi/9.2.1/../../../arm-none-eabi/lib/thumb/v6-m/nofp/libg.a(lib_a-mallocr.o) (_sbrk_r)
/usr/lib/gcc/arm-none-eabi/9.2.1/../../../arm-none-eabi/lib/thumb/v6-m/nofp/libg.a(lib_a-strlen-stub.o)
                              CMakeFiles/geeps.dir/usr/local/pico-sdk/src/rp2_common/pico_stdio/stdio.c.obj (strlen)
/usr/lib/gcc/arm-none-eabi/9.2.1/../../../arm-none-eabi/lib/thumb/v6-m/nofp/libg.a(lib_a-__atexit.o)
                              /usr/lib/gcc/arm-none-eabi/9.2.1/../../../arm-none-eabi/lib/thumb/v6-m/nofp/libg.a(lib_a-atexit.o) (__register_exitproc)
/usr/lib/gcc/arm-none-eabi/9.2.1/../../../arm-none-eabi/lib/thumb/v6-m/nofp/libg.a(lib_a-freer.o)
                              /usr/lib/gcc/arm-none-eabi/9.2.1/../../../arm-none-eabi/lib/thumb/v6-m/nofp/libg.a(lib_a-malloc.o) (_free_r)
/usr/lib/gcc/arm-none-eabi/9.2.1/../../../arm-none-eabi/lib/thumb/v6-m/nofp/libg.a(lib_a-reent.o)
                              /usr/lib/gcc/arm-none-eabi/9.2.1/../../../arm-none-eabi/lib/thumb/v6-m/nofp/libg.a(lib_a-sbrkr.o) (errno)

Allocating common symbols
Common symbol       size              file

sf_table            0x100             CMakeFiles/geeps.dir/usr/local/pico-sdk/src/rp2_common/pico_float/float_init_rom.c.obj
errno               0x4               /usr/lib/gcc/arm-none-eabi/9.2.1/../../../arm-none-eabi/lib/thumb/v6-m/nofp/libg.a(lib_a-reent.o)
sd_table            0x100             CMakeFiles/geeps.dir/usr/local/pico-sdk/src/rp2_common/pico_double/double_init_rom.c.obj
uart_char_to_line_feed
                    0x4               CMakeFiles/geeps.dir/usr/local/pico-sdk/src/rp2_common/hardware_uart/uart.c.obj

Discarded input sections

 .text          0x0000000000000000        0x0 /usr/lib/gcc/arm-none-eabi/9.2.1/thumb/v6-m/nofp/crti.o
 .data          0x0000000000000000        0x0 /usr/lib/gcc/arm-none-eabi/9.2.1/thumb/v6-m/nofp/crti.o
 .bss           0x0000000000000000        0x0 /usr/lib/gcc/arm-none-eabi/9.2.1/thumb/v6-m/nofp/crti.o
 .data          0x0000000000000000        0x4 /usr/lib/gcc/arm-none-eabi/9.2.1/thumb/v6-m/nofp/crtbegin.o
 .fini_array    0x0000000000000000        0x4 /usr/lib/gcc/arm-none-eabi/9.2.1/thumb/v6-m/nofp/crtbegin.o
 .text          0x0000000000000000       0x74 /usr/lib/gcc/arm-none-eabi/9.2.1/../../../arm-none-eabi/lib/thumb/v6-m/nofp/crt0.o
 .data          0x0000000000000000        0x0 /usr/lib/gcc/arm-none-eabi/9.2.1/../../../arm-none-eabi/lib/thumb/v6-m/nofp/crt0.o
[...]
Memory Configuration

Name             Origin             Length             Attributes
FLASH            0x0000000010000000 0x0000000000200000 xr
RAM              0x0000000020000000 0x0000000000040000 xrw
SCRATCH_X        0x0000000020040000 0x0000000000001000 xrw
SCRATCH_Y        0x0000000020041000 0x0000000000001000 xrw
*default*        0x0000000000000000 0xffffffffffffffff

Linker script and memory map

LOAD /usr/lib/gcc/arm-none-eabi/9.2.1/thumb/v6-m/nofp/crti.o
LOAD /usr/lib/gcc/arm-none-eabi/9.2.1/thumb/v6-m/nofp/crtbegin.o
LOAD /usr/lib/gcc/arm-none-eabi/9.2.1/../../../arm-none-eabi/lib/thumb/v6-m/nofp/crt0.o

.flash_begin    0x0000000010000000        0x0
                0x0000000010000000                __flash_binary_start = .

.boot2          0x0000000010000000      0x100
                0x0000000010000000                __boot2_start__ = .
 *(.boot2)
 .boot2         0x0000000010000000      0x100 /tmp/ccMLWu6r.o
                0x0000000010000100                __boot2_end__ = .
                0x0000000000000001                ASSERT (((__boot2_end__ - __boot2_start__) == 0x100), ERROR: Pico second stage bootloader must be 256 bytes in size)

.text           0x0000000010000100     0x42a8
                0x0000000010000100                __logical_binary_start = .
 *(.vectors)
 .vectors       0x0000000010000100       0xd4 CMakeFiles/geeps.dir/usr/local/pico-sdk/src/rp2_common/pico_standard_link/crt0.S.obj
                0x0000000010000100                __vectors
                0x0000000010000100                __VECTOR_TABLE
                0x00000000100001c0                isr_invalid
                0x00000000100001c0                __default_isrs_start
                0x00000000100001c2                isr_nmi
                0x00000000100001c4                isr_hardfault
                0x00000000100001c6                isr_svcall
                0x00000000100001c8                isr_pendsv
                0x00000000100001ca                isr_systick
                0x00000000100001cc                isr_irq30
                0x00000000100001cc                __unhandled_user_irq
                0x00000000100001cc                isr_irq13
                0x00000000100001cc                isr_irq27
                0x00000000100001cc                isr_irq31
                0x00000000100001cc                isr_irq5
                0x00000000100001cc                isr_irq11
                0x00000000100001cc                isr_irq23
                0x00000000100001cc                isr_irq18
                0x00000000100001cc                isr_irq28
                0x00000000100001cc                isr_irq19
                0x00000000100001cc                isr_irq0
                0x00000000100001cc                isr_irq6
                0x00000000100001cc                isr_irq22
                0x00000000100001cc                isr_irq17
                0x00000000100001cc                isr_irq14
                0x00000000100001cc                isr_irq2
                0x00000000100001cc                isr_irq10
                0x00000000100001cc                isr_irq8
                0x00000000100001cc                isr_irq24
                0x00000000100001cc                isr_irq1
                0x00000000100001cc                isr_irq7
                0x00000000100001cc                isr_irq21
                0x00000000100001cc                isr_irq20
                0x00000000100001cc                isr_irq15
                0x00000000100001cc                isr_irq25
                0x00000000100001cc                isr_irq4
                0x00000000100001cc                isr_irq16
                0x00000000100001cc                isr_irq29
                0x00000000100001cc                isr_irq26
                0x00000000100001cc                __default_isrs_end
                0x00000000100001cc                isr_irq3
                0x00000000100001cc                isr_irq12
                0x00000000100001cc                isr_irq9
                0x00000000100001d2                unhandled_user_irq_num_in_r0
 *(.binary_info_header)
 .binary_info_header
                0x00000000100001d4       0x14 CMakeFiles/geeps.dir/usr/local/pico-sdk/src/rp2_common/pico_standard_link/crt0.S.obj
                0x00000000100001e8                __binary_info_header_end = .
 *(.reset)
 .reset         0x00000000100001e8       0xa8 CMakeFiles/geeps.dir/usr/local/pico-sdk/src/rp2_common/pico_standard_link/crt0.S.obj
                0x00000000100001e8                _entry_point
                0x0000000010000266                __get_current_exception
 .reset         0x0000000010000290       0x30 CMakeFiles/geeps.dir/usr/local/pico-sdk/src/rp2_common/pico_standard_link/binary_info.c.obj
 *(.init)
 .init          0x00000000100002c0        0x4 /usr/lib/gcc/arm-none-eabi/9.2.1/thumb/v6-m/nofp/crti.o
                0x00000000100002c0                _init
 *(EXCLUDE_FILE(*libm.a: *libc.a:*lib_a-mem*.o *libgcc.a:) .text*)
 .text          0x00000000100002c4       0x98 /usr/lib/gcc/arm-none-eabi/9.2.1/thumb/v6-m/nofp/crtbegin.o
 .text.main     0x000000001000035c       0x3c CMakeFiles/geeps.dir/src/main.cpp.obj
                0x000000001000035c                main
 .text.gpio_set_function
                0x0000000010000398       0x30 CMakeFiles/geeps.dir/usr/local/pico-sdk/src/rp2_common/hardware_gpio/gpio.c.obj
                0x0000000010000398                gpio_set_function
 .text.gpio_init
                0x00000000100003c8       0x16 CMakeFiles/geeps.dir/usr/local/pico-sdk/src/rp2_common/hardware_gpio/gpio.c.obj
                0x00000000100003c8                gpio_init
 *fill*         0x00000000100003de        0x2 
 .text.hw_claim_lock
                0x00000000100003e0       0x18 CMakeFiles/geeps.dir/usr/local/pico-sdk/src/rp2_common/hardware_claim/claim.c.obj
                0x00000000100003e0                hw_claim_lock
 .text.hw_claim_unlock
                0x00000000100003f8       0x14 CMakeFiles/geeps.dir/usr/local/pico-sdk/src/rp2_common/hardware_claim/claim.c.obj
                0x00000000100003f8                hw_claim_unlock
 .text.hw_claim_or_assert
                0x000000001000040c       0x32 CMakeFiles/geeps.dir/usr/local/pico-sdk/src/rp2_common/hardware_claim/claim.c.obj
                0x000000001000040c                hw_claim_or_assert
 *fill*         0x000000001000043e        0x2 
 .text.running_on_fpga
                0x0000000010000440       0x14 CMakeFiles/geeps.dir/usr/local/pico-sdk/src/rp2_common/pico_platform/platform.c.obj
                0x0000000010000440                running_on_fpga
 .text.spin_locks_reset
                0x0000000010000454       0x20 CMakeFiles/geeps.dir/usr/local/pico-sdk/src/rp2_common/hardware_sync/sync.c.obj
                0x0000000010000454                spin_locks_reset
 .text.next_striped_spin_lock_num
                0x0000000010000474       0x1c CMakeFiles/geeps.dir/usr/local/pico-sdk/src/rp2_common/hardware_sync/sync.c.obj
                0x0000000010000474                next_striped_spin_lock_num
 .text.uart_set_baudrate
                0x0000000010000490       0x5c CMakeFiles/geeps.dir/usr/local/pico-sdk/src/rp2_common/hardware_uart/uart.c.obj
                0x0000000010000490                uart_set_baudrate
 .text.uart_set_translate_crlf
                0x00000000100004ec       0x28 CMakeFiles/geeps.dir/usr/local/pico-sdk/src/rp2_common/hardware_uart/uart.c.obj
                0x00000000100004ec                uart_set_translate_crlf
 .text.uart_init
                0x0000000010000514       0x80 CMakeFiles/geeps.dir/usr/local/pico-sdk/src/rp2_common/hardware_uart/uart.c.obj
                0x0000000010000514                uart_init
 .text.alarm_pool_post_alloc_init
                0x0000000010000594       0x40 CMakeFiles/geeps.dir/usr/local/pico-sdk/src/common/pico_time/time.c.obj
 .text.sleep_until_callback
                0x00000000100005d4       0x30 CMakeFiles/geeps.dir/usr/local/pico-sdk/src/common/pico_time/time.c.obj
 .text.timer_pool_entry_comparator
                0x0000000010000604       0x7c CMakeFiles/geeps.dir/usr/local/pico-sdk/src/common/pico_time/time.c.obj
                0x0000000010000604                timer_pool_entry_comparator
 .text.ph_add_child_node
                0x0000000010000680       0xa4 CMakeFiles/geeps.dir/usr/local/pico-sdk/src/common/pico_time/time.c.obj
 .text.ph_merge_nodes
                0x0000000010000724       0x3e CMakeFiles/geeps.dir/usr/local/pico-sdk/src/common/pico_time/time.c.obj
 *fill*         0x0000000010000762        0x2 
 .text.add_alarm_under_lock
                0x0000000010000764      0x174 CMakeFiles/geeps.dir/usr/local/pico-sdk/src/common/pico_time/time.c.obj
 .text.alarm_pool_alarm_callback
                0x00000000100008d8      0x32c CMakeFiles/geeps.dir/usr/local/pico-sdk/src/common/pico_time/time.c.obj
 .text.alarm_pool_init_default
                0x0000000010000c04       0x38 CMakeFiles/geeps.dir/usr/local/pico-sdk/src/common/pico_time/time.c.obj
                0x0000000010000c04                alarm_pool_init_default
 .text.alarm_pool_get_default
                0x0000000010000c3c       0x2c CMakeFiles/geeps.dir/usr/local/pico-sdk/src/common/pico_time/time.c.obj
                0x0000000010000c3c                alarm_pool_get_default
 .text.alarm_pool_add_alarm_at
                0x0000000010000c68      0x170 CMakeFiles/geeps.dir/usr/local/pico-sdk/src/common/pico_time/time.c.obj
                0x0000000010000c68                alarm_pool_add_alarm_at
 .text.sleep_until
                0x0000000010000dd8       0xfc CMakeFiles/geeps.dir/usr/local/pico-sdk/src/common/pico_time/time.c.obj
                0x0000000010000dd8                sleep_until
 .text.sleep_us
                0x0000000010000ed4       0x58 CMakeFiles/geeps.dir/usr/local/pico-sdk/src/common/pico_time/time.c.obj
                0x0000000010000ed4                sleep_us
 .text.sleep_ms
                0x0000000010000f2c       0x14 CMakeFiles/geeps.dir/usr/local/pico-sdk/src/common/pico_time/time.c.obj
                0x0000000010000f2c                sleep_ms
 .text.hardware_alarm_irq_handler
                0x0000000010000f40       0x8c CMakeFiles/geeps.dir/usr/local/pico-sdk/src/rp2_common/hardware_timer/timer.c.obj
 .text.hardware_alarm_claim
                0x0000000010000fcc       0x18 CMakeFiles/geeps.dir/usr/local/pico-sdk/src/rp2_common/hardware_timer/timer.c.obj
                0x0000000010000fcc                hardware_alarm_claim
 .text.time_us_64
                0x0000000010000fe4       0x18 CMakeFiles/geeps.dir/usr/local/pico-sdk/src/rp2_common/hardware_timer/timer.c.obj
                0x0000000010000fe4                time_us_64
 .text.busy_wait_until
                0x0000000010000ffc       0x24 CMakeFiles/geeps.dir/usr/local/pico-sdk/src/rp2_common/hardware_timer/timer.c.obj
                0x0000000010000ffc                busy_wait_until
 .text.hardware_alarm_set_callback
                0x0000000010001020       0x90 CMakeFiles/geeps.dir/usr/local/pico-sdk/src/rp2_common/hardware_timer/timer.c.obj
                0x0000000010001020                hardware_alarm_set_callback
 .text.hardware_alarm_set_target
                0x00000000100010b0       0xe8 CMakeFiles/geeps.dir/usr/local/pico-sdk/src/rp2_common/hardware_timer/timer.c.obj
                0x00000000100010b0                hardware_alarm_set_target
 .text.hardware_alarm_cancel
                0x0000000010001198       0x40 CMakeFiles/geeps.dir/usr/local/pico-sdk/src/rp2_common/hardware_timer/timer.c.obj
                0x0000000010001198                hardware_alarm_cancel
 .text.lock_init
                0x00000000100011d8       0x10 CMakeFiles/geeps.dir/usr/local/pico-sdk/src/common/pico_sync/lock_core.c.obj
                0x00000000100011d8                lock_init
 .text.mutex_init
                0x00000000100011e8       0x1a CMakeFiles/geeps.dir/usr/local/pico-sdk/src/common/pico_sync/mutex.c.obj
                0x00000000100011e8                mutex_init
 .text.recursive_mutex_init
                0x0000000010001202       0x1e CMakeFiles/geeps.dir/usr/local/pico-sdk/src/common/pico_sync/mutex.c.obj
                0x0000000010001202                recursive_mutex_init
 .text.ph_add_child_node
                0x0000000010001220       0xa4 CMakeFiles/geeps.dir/usr/local/pico-sdk/src/common/pico_util/pheap.c.obj
 .text.ph_merge_nodes
                0x00000000100012c4       0x3e CMakeFiles/geeps.dir/usr/local/pico-sdk/src/common/pico_util/pheap.c.obj
 *fill*         0x0000000010001302        0x2 
 .text.ph_clear
                0x0000000010001304       0x70 CMakeFiles/geeps.dir/usr/local/pico-sdk/src/common/pico_util/pheap.c.obj
                0x0000000010001304                ph_clear
 .text.ph_post_alloc_init
                0x0000000010001374        0xe CMakeFiles/geeps.dir/usr/local/pico-sdk/src/common/pico_util/pheap.c.obj
                0x0000000010001374                ph_post_alloc_init
 *fill*         0x0000000010001382        0x2 
 .text.ph_merge_two_pass
                0x0000000010001384       0xa8 CMakeFiles/geeps.dir/usr/local/pico-sdk/src/common/pico_util/pheap.c.obj
                0x0000000010001384                ph_merge_two_pass
 .text.ph_remove_any_head
                0x000000001000142c      0x108 CMakeFiles/geeps.dir/usr/local/pico-sdk/src/common/pico_util/pheap.c.obj
 .text.ph_remove_head
                0x0000000010001534       0x14 CMakeFiles/geeps.dir/usr/local/pico-sdk/src/common/pico_util/pheap.c.obj
                0x0000000010001534                ph_remove_head
 .text.ph_remove_and_free_node
                0x0000000010001548       0xf8 CMakeFiles/geeps.dir/usr/local/pico-sdk/src/common/pico_util/pheap.c.obj
                0x0000000010001548                ph_remove_and_free_node
 .text._exit    0x0000000010001640        0x4 CMakeFiles/geeps.dir/usr/local/pico-sdk/src/rp2_common/pico_runtime/runtime.c.obj
                0x0000000010001640                _exit
 .text.exit     0x0000000010001644        0x6 CMakeFiles/geeps.dir/usr/local/pico-sdk/src/rp2_common/pico_runtime/runtime.c.obj
                0x0000000010001644                exit
 *fill*         0x000000001000164a        0x2 
 .text.__assert_func
                0x000000001000164c       0x3c CMakeFiles/geeps.dir/usr/local/pico-sdk/src/rp2_common/pico_runtime/runtime.c.obj
                0x000000001000164c                __assert_func
 .text.runtime_init
                0x0000000010001688       0xf8 CMakeFiles/geeps.dir/usr/local/pico-sdk/src/rp2_common/pico_runtime/runtime.c.obj
                0x0000000010001688                runtime_init
 .text.panic    0x0000000010001780       0x30 CMakeFiles/geeps.dir/usr/local/pico-sdk/src/rp2_common/pico_runtime/runtime.c.obj
                0x0000000010001780                panic
 .text.clock_configure
                0x00000000100017b0      0x104 CMakeFiles/geeps.dir/usr/local/pico-sdk/src/rp2_common/hardware_clocks/clocks.c.obj
                0x00000000100017b0                clock_configure
 .text.clocks_init
                0x00000000100018b4      0x100 CMakeFiles/geeps.dir/usr/local/pico-sdk/src/rp2_common/hardware_clocks/clocks.c.obj
                0x00000000100018b4                clocks_init
 .text.clock_get_hz
                0x00000000100019b4        0xc CMakeFiles/geeps.dir/usr/local/pico-sdk/src/rp2_common/hardware_clocks/clocks.c.obj
                0x00000000100019b4                clock_get_hz
 .text.set_raw_irq_handler_and_unlock
                0x00000000100019c0       0x28 CMakeFiles/geeps.dir/usr/local/pico-sdk/src/rp2_common/hardware_irq/irq.c.obj
 .text.make_branch
                0x00000000100019e8       0x34 CMakeFiles/geeps.dir/usr/local/pico-sdk/src/rp2_common/hardware_irq/irq.c.obj
 .text.insert_branch_and_link
                0x0000000010001a1c       0x40 CMakeFiles/geeps.dir/usr/local/pico-sdk/src/rp2_common/hardware_irq/irq.c.obj
 .text.irq_is_enabled
                0x0000000010001a5c       0x18 CMakeFiles/geeps.dir/usr/local/pico-sdk/src/rp2_common/hardware_irq/irq.c.obj
                0x0000000010001a5c                irq_is_enabled
 .text.irq_set_mask_enabled
                0x0000000010001a74       0x20 CMakeFiles/geeps.dir/usr/local/pico-sdk/src/rp2_common/hardware_irq/irq.c.obj
                0x0000000010001a74                irq_set_mask_enabled
 .text.irq_set_enabled
                0x0000000010001a94        0xe CMakeFiles/geeps.dir/usr/local/pico-sdk/src/rp2_common/hardware_irq/irq.c.obj
                0x0000000010001a94                irq_set_enabled
 *fill*         0x0000000010001aa2        0x2 
 .text.irq_get_vtable_handler
                0x0000000010001aa4       0x10 CMakeFiles/geeps.dir/usr/local/pico-sdk/src/rp2_common/hardware_irq/irq.c.obj
                0x0000000010001aa4                irq_get_vtable_handler
 .text.irq_set_exclusive_handler
                0x0000000010001ab4       0x54 CMakeFiles/geeps.dir/usr/local/pico-sdk/src/rp2_common/hardware_irq/irq.c.obj
                0x0000000010001ab4                irq_set_exclusive_handler
 .text.irq_remove_handler
                0x0000000010001b08      0x1ac CMakeFiles/geeps.dir/usr/local/pico-sdk/src/rp2_common/hardware_irq/irq.c.obj
                0x0000000010001b08                irq_remove_handler
 .text.irq_add_tail_to_free_list
                0x0000000010001cb4       0xf0 CMakeFiles/geeps.dir/usr/local/pico-sdk/src/rp2_common/hardware_irq/irq.c.obj
                0x0000000010001cb4                irq_add_tail_to_free_list
 .text.irq_init_priorities
                0x0000000010001da4       0x1c CMakeFiles/geeps.dir/usr/local/pico-sdk/src/rp2_common/hardware_irq/irq.c.obj
                0x0000000010001da4                irq_init_priorities
 .text.pll_init
                0x0000000010001dc0      0x118 CMakeFiles/geeps.dir/usr/local/pico-sdk/src/rp2_common/hardware_pll/pll.c.obj
                0x0000000010001dc0                pll_init
 .text.watchdog_start_tick
                0x0000000010001ed8       0x10 CMakeFiles/geeps.dir/usr/local/pico-sdk/src/rp2_common/hardware_watchdog/watchdog.c.obj
                0x0000000010001ed8                watchdog_start_tick
 .text.xosc_init
                0x0000000010001ee8       0x28 CMakeFiles/geeps.dir/usr/local/pico-sdk/src/rp2_common/hardware_xosc/xosc.c.obj
                0x0000000010001ee8                xosc_init
 .text._out_null
                0x0000000010001f10        0x2 CMakeFiles/geeps.dir/usr/local/pico-sdk/src/rp2_common/pico_printf/printf.c.obj
 .text._out_fct
                0x0000000010001f12        0xe CMakeFiles/geeps.dir/usr/local/pico-sdk/src/rp2_common/pico_printf/printf.c.obj
 .text._atoi    0x0000000010001f20       0x24 CMakeFiles/geeps.dir/usr/local/pico-sdk/src/rp2_common/pico_printf/printf.c.obj
 .text._out_rev
                0x0000000010001f44       0xae CMakeFiles/geeps.dir/usr/local/pico-sdk/src/rp2_common/pico_printf/printf.c.obj
 .text._ntoa_format
                0x0000000010001ff2      0x110 CMakeFiles/geeps.dir/usr/local/pico-sdk/src/rp2_common/pico_printf/printf.c.obj
 .text._ntoa_long
                0x0000000010002102       0xbc CMakeFiles/geeps.dir/usr/local/pico-sdk/src/rp2_common/pico_printf/printf.c.obj
 .text._ntoa_long_long
                0x00000000100021be       0xe2 CMakeFiles/geeps.dir/usr/local/pico-sdk/src/rp2_common/pico_printf/printf.c.obj
 .text._etoa    0x00000000100022a0      0x40c CMakeFiles/geeps.dir/usr/local/pico-sdk/src/rp2_common/pico_printf/printf.c.obj
 .text._ftoa    0x00000000100026ac      0x354 CMakeFiles/geeps.dir/usr/local/pico-sdk/src/rp2_common/pico_printf/printf.c.obj
 .text._vsnprintf
                0x0000000010002a00      0x628 CMakeFiles/geeps.dir/usr/local/pico-sdk/src/rp2_common/pico_printf/printf.c.obj
 .text.vfctprintf
                0x0000000010003028       0x20 CMakeFiles/geeps.dir/usr/local/pico-sdk/src/rp2_common/pico_printf/printf.c.obj
                0x0000000010003028                vfctprintf
 .text          0x0000000010003048       0x10 CMakeFiles/geeps.dir/usr/local/pico-sdk/src/rp2_common/pico_bit_ops/bit_ops_aeabi.S.obj
 .text.rom_func_lookup
                0x0000000010003058       0x10 CMakeFiles/geeps.dir/usr/local/pico-sdk/src/rp2_common/pico_bootrom/bootrom.c.obj
                0x0000000010003058                rom_func_lookup
 .text.rom_data_lookup
                0x0000000010003068       0x10 CMakeFiles/geeps.dir/usr/local/pico-sdk/src/rp2_common/pico_bootrom/bootrom.c.obj
                0x0000000010003068                rom_data_lookup
 .text.rom_funcs_lookup
                0x0000000010003078       0x36 CMakeFiles/geeps.dir/usr/local/pico-sdk/src/rp2_common/pico_bootrom/bootrom.c.obj
                0x0000000010003078                rom_funcs_lookup
 *fill*         0x00000000100030ae        0x2 
 .text.__wrap___aeabi_idiv
                0x00000000100030b0       0x50 CMakeFiles/geeps.dir/usr/local/pico-sdk/src/rp2_common/pico_divider/divider.S.obj
                0x00000000100030b0                __wrap___aeabi_idivmod
                0x00000000100030b0                divmod_s32s32
                0x00000000100030b0                div_s32s32
                0x00000000100030b0                __wrap___aeabi_idiv
                0x00000000100030b8                divmod_s32s32_unsafe
                0x00000000100030e4                divmod_s32s32_savestate
 .text.__wrap___aeabi_uidiv
                0x0000000010003100       0x4c CMakeFiles/geeps.dir/usr/local/pico-sdk/src/rp2_common/pico_divider/divider.S.obj
                0x0000000010003100                __wrap___aeabi_uidiv
                0x0000000010003100                __wrap___aeabi_uidivmod
                0x0000000010003100                div_u32u32
                0x0000000010003100                divmod_u32u32
                0x0000000010003108                divmod_u32u32_unsafe
                0x0000000010003130                divmod_u32u32_savestate
 .text.__wrap___aeabi_ldiv
                0x000000001000314c      0x434 CMakeFiles/geeps.dir/usr/local/pico-sdk/src/rp2_common/pico_divider/divider.S.obj
                0x000000001000314c                div_s64s64
                0x000000001000314c                divmod_s64s64
                0x000000001000314c                __wrap___aeabi_ldivmod
                0x0000000010003184                div_u64u64
                0x0000000010003184                divmod_u64u64
                0x0000000010003184                __wrap___aeabi_uldivmod
                0x0000000010003194                divmod_u64u64_savestate
                0x00000000100031bc                divmod_s64s64_unsafe
                0x0000000010003244                divmod_u64u64_unsafe
 .text.__wrap___aeabi_darithmetic
                0x0000000010003580       0x80 CMakeFiles/geeps.dir/usr/local/pico-sdk/src/rp2_common/pico_double/double_aeabi.S.obj
                0x0000000010003580                __wrap___aeabi_drsub
                0x0000000010003586                __wrap___aeabi_dsub
                0x0000000010003598                __wrap___aeabi_dadd
                0x00000000100035aa                __wrap___aeabi_ddiv
                0x00000000100035e6                __wrap___aeabi_dmul
 .text.__wrap___aeabi_cdcmple
                0x0000000010003600       0x6c CMakeFiles/geeps.dir/usr/local/pico-sdk/src/rp2_common/pico_double/double_aeabi.S.obj
                0x0000000010003600                __wrap___aeabi_cdrcmple
                0x0000000010003610                __wrap___aeabi_cdcmple
                0x0000000010003610                __wrap___aeabi_cdcmpeq
 .text.__wrap___aeabi_dcmplt
                0x000000001000366c        0xc CMakeFiles/geeps.dir/usr/local/pico-sdk/src/rp2_common/pico_double/double_aeabi.S.obj
                0x000000001000366c                __wrap___aeabi_dcmplt
 .text.__wrap___aeabi_dcmple
                0x0000000010003678       0x10 CMakeFiles/geeps.dir/usr/local/pico-sdk/src/rp2_common/pico_double/double_aeabi.S.obj
                0x0000000010003678                __wrap___aeabi_dcmple
 .text.__wrap___aeabi_dcmpge
                0x0000000010003688       0x10 CMakeFiles/geeps.dir/usr/local/pico-sdk/src/rp2_common/pico_double/double_aeabi.S.obj
                0x0000000010003688                __wrap___aeabi_dcmpge
 .text.__wrap___aeabi_dcmpgt
                0x0000000010003698        0xa CMakeFiles/geeps.dir/usr/local/pico-sdk/src/rp2_common/pico_double/double_aeabi.S.obj
                0x0000000010003698                __wrap___aeabi_dcmpgt
 .text.__wrap___aeabi_dcmpun
                0x00000000100036a2       0x1c CMakeFiles/geeps.dir/usr/local/pico-sdk/src/rp2_common/pico_double/double_aeabi.S.obj
                0x00000000100036a2                __wrap___aeabi_dcmpun
 *fill*         0x00000000100036be        0x2 
 .text.__wrap___aeabi_i2d
                0x00000000100036c0       0x38 CMakeFiles/geeps.dir/usr/local/pico-sdk/src/rp2_common/pico_double/double_aeabi.S.obj
                0x00000000100036c0                __wrap___aeabi_ui2d
                0x00000000100036c8                __wrap___aeabi_i2d
 .text.__wrap___aeabi_d2iz
                0x00000000100036f8       0x48 CMakeFiles/geeps.dir/usr/local/pico-sdk/src/rp2_common/pico_double/double_aeabi.S.obj
                0x00000000100036f8                __wrap___aeabi_d2iz
                0x00000000100036f8                double2int_z
 .text.__wrap___aeabi_d2uiz
                0x0000000010003740       0x18 CMakeFiles/geeps.dir/usr/local/pico-sdk/src/rp2_common/pico_double/double_aeabi.S.obj
                0x0000000010003740                double2uint
                0x0000000010003740                __wrap___aeabi_d2uiz
 .text.__aeabi_double_init
                0x0000000010003758       0xc8 CMakeFiles/geeps.dir/usr/local/pico-sdk/src/rp2_common/pico_double/double_init_rom.c.obj
                0x0000000010003758                __aeabi_double_init
 .text.double_table_shim_on_use_helper
                0x0000000010003820       0x34 CMakeFiles/geeps.dir/usr/local/pico-sdk/src/rp2_common/pico_double/double_v1_rom_shim.S.obj
                0x0000000010003820                double_table_shim_on_use_helper
 .text.__wrap___aeabi_dsub
                0x0000000010003854       0x10 CMakeFiles/geeps.dir/usr/local/pico-sdk/src/rp2_common/pico_double/double_v1_rom_shim.S.obj
                0x0000000010003854                drsub_shim
                0x000000001000385a                dsub_shim
 .text.dadd_shim
                0x0000000010003864      0x15c CMakeFiles/geeps.dir/usr/local/pico-sdk/src/rp2_common/pico_double/double_v1_rom_shim.S.obj
                0x0000000010003864                dadd_shim
 .text.dmul_shim
                0x00000000100039c0      0x15c CMakeFiles/geeps.dir/usr/local/pico-sdk/src/rp2_common/pico_double/double_v1_rom_shim.S.obj
                0x00000000100039c0                dmul_shim
 .text.ddiv_shim
                0x0000000010003b1c      0x1b0 CMakeFiles/geeps.dir/usr/local/pico-sdk/src/rp2_common/pico_double/double_v1_rom_shim.S.obj
                0x0000000010003b1c                ddiv_shim
 .text.double2uint_shim
                0x0000000010003ccc        0xe CMakeFiles/geeps.dir/usr/local/pico-sdk/src/rp2_common/pico_double/double_v1_rom_shim.S.obj
                0x0000000010003ccc                double2uint_shim
                0x0000000010003cce                double2ufix_shim
 *fill*         0x0000000010003cda        0x2 
 .text.double2uint64_shim
                0x0000000010003cdc       0x70 CMakeFiles/geeps.dir/usr/local/pico-sdk/src/rp2_common/pico_double/double_v1_rom_shim.S.obj
                0x0000000010003cdc                double2uint64_shim
                0x0000000010003cde                double2ufix64_shim
                0x0000000010003cfe                d2fix_a
 .text.dunpacks
                0x0000000010003d4c       0x3c CMakeFiles/geeps.dir/usr/local/pico-sdk/src/rp2_common/pico_double/double_v1_rom_shim.S.obj
                0x0000000010003d4c                dunpacks
 .text.__aeabi_lmul
                0x0000000010003d88       0x32 CMakeFiles/geeps.dir/usr/local/pico-sdk/src/rp2_common/pico_int64_ops/pico_int64_ops_aeabi.S.obj
                0x0000000010003d88                __wrap___aeabi_lmul
 *fill*         0x0000000010003dba        0x2 
 .text.__aeabi_float_init
                0x0000000010003dbc       0xfc CMakeFiles/geeps.dir/usr/local/pico-sdk/src/rp2_common/pico_float/float_init_rom.c.obj
                0x0000000010003dbc                __aeabi_float_init
 .text.float_table_shim_on_use_helper
                0x0000000010003eb8       0x34 CMakeFiles/geeps.dir/usr/local/pico-sdk/src/rp2_common/pico_float/float_v1_rom_shim.S.obj
                0x0000000010003eb8                float_table_shim_on_use_helper
 .text          0x0000000010003eec       0x10 CMakeFiles/geeps.dir/usr/local/pico-sdk/src/rp2_common/pico_mem_ops/mem_ops_aeabi.S.obj
                0x0000000010003eec                __aeabi_mem_init
 .text.memset   0x0000000010003efc        0xc CMakeFiles/geeps.dir/usr/local/pico-sdk/src/rp2_common/pico_mem_ops/mem_ops_aeabi.S.obj
                0x0000000010003efc                __wrap_memset
 .text.memcpy   0x0000000010003f08        0xc CMakeFiles/geeps.dir/usr/local/pico-sdk/src/rp2_common/pico_mem_ops/mem_ops_aeabi.S.obj
                0x0000000010003f08                __wrap___aeabi_memcpy
                0x0000000010003f08                __wrap_memcpy
 .text.stdio_out_chars_no_crlf
                0x0000000010003f14        0xe CMakeFiles/geeps.dir/usr/local/pico-sdk/src/rp2_common/pico_stdio/stdio.c.obj
 *fill*         0x0000000010003f22        0x2 
 .text.stdio_out_chars_crlf
                0x0000000010003f24       0x80 CMakeFiles/geeps.dir/usr/local/pico-sdk/src/rp2_common/pico_stdio/stdio.c.obj
 .text.stdio_stack_buffer_flush
                0x0000000010003fa4       0x44 CMakeFiles/geeps.dir/usr/local/pico-sdk/src/rp2_common/pico_stdio/stdio.c.obj
 .text.stdio_buffered_printer
                0x0000000010003fe8       0x20 CMakeFiles/geeps.dir/usr/local/pico-sdk/src/rp2_common/pico_stdio/stdio.c.obj
 .text.stdout_serialize_begin
                0x0000000010004008       0x30 CMakeFiles/geeps.dir/usr/local/pico-sdk/src/rp2_common/pico_stdio/stdio.c.obj
                0x0000000010004008                stdout_serialize_begin
 .text.stdout_serialize_end
                0x0000000010004038       0x10 CMakeFiles/geeps.dir/usr/local/pico-sdk/src/rp2_common/pico_stdio/stdio.c.obj
                0x0000000010004038                stdout_serialize_end
 .text.stdio_put_string
                0x0000000010004048       0x98 CMakeFiles/geeps.dir/usr/local/pico-sdk/src/rp2_common/pico_stdio/stdio.c.obj
 .text.stdio_set_driver_enabled
                0x00000000100040e0       0x38 CMakeFiles/geeps.dir/usr/local/pico-sdk/src/rp2_common/pico_stdio/stdio.c.obj
                0x00000000100040e0                stdio_set_driver_enabled
 .text.stdio_flush
                0x0000000010004118       0x20 CMakeFiles/geeps.dir/usr/local/pico-sdk/src/rp2_common/pico_stdio/stdio.c.obj
                0x0000000010004118                stdio_flush
 .text.__wrap_puts
                0x0000000010004138       0x1e CMakeFiles/geeps.dir/usr/local/pico-sdk/src/rp2_common/pico_stdio/stdio.c.obj
                0x0000000010004138                __wrap_puts
 *fill*         0x0000000010004156        0x2 
 .text.__wrap_vprintf
                0x0000000010004158       0x44 CMakeFiles/geeps.dir/usr/local/pico-sdk/src/rp2_common/pico_stdio/stdio.c.obj
                0x0000000010004158                __wrap_vprintf
 .text.__wrap_printf
                0x000000001000419c       0x18 CMakeFiles/geeps.dir/usr/local/pico-sdk/src/rp2_common/pico_stdio/stdio.c.obj
                0x000000001000419c                __wrap_printf
 .text.stdio_init_all
                0x00000000100041b4        0x8 CMakeFiles/geeps.dir/usr/local/pico-sdk/src/rp2_common/pico_stdio/stdio.c.obj
                0x00000000100041b4                stdio_init_all
 .text.stdio_uart_out_chars
                0x00000000100041bc       0x74 CMakeFiles/geeps.dir/usr/local/pico-sdk/src/rp2_common/pico_stdio_uart/stdio_uart.c.obj
 .text.stdio_uart_in_chars
                0x0000000010004230       0x54 CMakeFiles/geeps.dir/usr/local/pico-sdk/src/rp2_common/pico_stdio_uart/stdio_uart.c.obj
                0x0000000010004230                stdio_uart_in_chars
 .text.stdio_uart_init_full
                0x0000000010004284       0x3c CMakeFiles/geeps.dir/usr/local/pico-sdk/src/rp2_common/pico_stdio_uart/stdio_uart.c.obj
                0x0000000010004284                stdio_uart_init_full
 .text.stdio_uart_init
                0x00000000100042c0       0x28 CMakeFiles/geeps.dir/usr/local/pico-sdk/src/rp2_common/pico_stdio_uart/stdio_uart.c.obj
                0x00000000100042c0                stdio_uart_init
 .text          0x00000000100042e8       0x68 /usr/lib/gcc/arm-none-eabi/9.2.1/../../../arm-none-eabi/lib/thumb/v6-m/nofp/libg.a(lib_a-strlen-stub.o)
                0x00000000100042e8                strlen
 *(.fini)
 .fini          0x0000000010004350        0x4 /usr/lib/gcc/arm-none-eabi/9.2.1/thumb/v6-m/nofp/crti.o
                0x0000000010004350                _fini
 *fill*         0x0000000010004354        0x4 
 .fini.__stub   0x0000000010004358       0x50 linker stubs
 *crtbegin.o(.ctors)
 *crtbegin?.o(.ctors)
 *(EXCLUDE_FILE(*crtend.o *crtend?.o) .ctors)
 *(SORT_BY_NAME(.ctors.*))
 *(.ctors)
 *crtbegin.o(.dtors)
 *crtbegin?.o(.dtors)
 *(EXCLUDE_FILE(*crtend.o *crtend?.o) .dtors)
 *(SORT_BY_NAME(.dtors.*))
 *(.dtors)
 *(.eh_frame*)
 .eh_frame      0x00000000100043a8        0x0 /usr/lib/gcc/arm-none-eabi/9.2.1/thumb/v6-m/nofp/crtbegin.o
                0x00000000100043a8                . = ALIGN (0x4)

.glue_7         0x00000000100043a8        0x0
 .glue_7        0x00000000100043a8        0x0 linker stubs

.glue_7t        0x00000000100043a8        0x0
 .glue_7t       0x00000000100043a8        0x0 linker stubs

.vfp11_veneer   0x00000000100043a8        0x0
 .vfp11_veneer  0x00000000100043a8        0x0 linker stubs

.v4_bx          0x00000000100043a8        0x0
 .v4_bx         0x00000000100043a8        0x0 linker stubs

.iplt           0x00000000100043a8        0x0
 .iplt          0x00000000100043a8        0x0 /usr/lib/gcc/arm-none-eabi/9.2.1/thumb/v6-m/nofp/crtbegin.o

.rodata         0x00000000100043a8      0xe34
 *(EXCLUDE_FILE(*libm.a: *libc.a:*lib_a-mem*.o *libgcc.a:) .rodata*)
 .rodata.main.str1.4
                0x00000000100043a8        0xd CMakeFiles/geeps.dir/src/main.cpp.obj
 *fill*         0x00000000100043b5        0x3 
 .rodata.str1.4
                0x00000000100043b8       0x27 CMakeFiles/geeps.dir/src/main.cpp.obj
 *fill*         0x00000000100043df        0x1 
 .rodata._ZZ4mainE6__bi_9
                0x00000000100043e0        0xc CMakeFiles/geeps.dir/src/main.cpp.obj
 .rodata._ZZ4mainE7__bi_10
                0x00000000100043ec        0xc CMakeFiles/geeps.dir/src/main.cpp.obj
 .rodata.repeating_timer_callback.str1.4
                0x00000000100043f8       0x44 CMakeFiles/geeps.dir/usr/local/pico-sdk/src/common/pico_time/time.c.obj
 .rodata.alarm_pool_dump_key.str1.4
                0x000000001000443c       0x33 CMakeFiles/geeps.dir/usr/local/pico-sdk/src/common/pico_time/time.c.obj
 *fill*         0x000000001000446f        0x1 
 .rodata.ph_add_child_node.str1.4
                0x0000000010004470       0x8e CMakeFiles/geeps.dir/usr/local/pico-sdk/src/common/pico_time/time.c.obj
 *fill*         0x00000000100044fe        0x2 
 .rodata.add_alarm_under_lock.str1.4
                0x0000000010004500       0x28 CMakeFiles/geeps.dir/usr/local/pico-sdk/src/common/pico_time/time.c.obj
                                         0x2b (size before relaxing)
 .rodata.alarm_pool_alarm_callback.str1.4
                0x0000000010004528       0xde CMakeFiles/geeps.dir/usr/local/pico-sdk/src/common/pico_time/time.c.obj
 *fill*         0x0000000010004606        0x2 
 .rodata.alarm_pool_get_default.str1.4
                0x0000000010004608       0x21 CMakeFiles/geeps.dir/usr/local/pico-sdk/src/common/pico_time/time.c.obj
 *fill*         0x0000000010004629        0x3 
 .rodata.sleep_until.str1.4
                0x000000001000462c       0x4d CMakeFiles/geeps.dir/usr/local/pico-sdk/src/common/pico_time/time.c.obj
 *fill*         0x0000000010004679        0x3 
 .rodata.__func__.5701
                0x000000001000467c       0x15 CMakeFiles/geeps.dir/usr/local/pico-sdk/src/common/pico_time/time.c.obj
 *fill*         0x0000000010004691        0x3 
 .rodata.__func__.6007
                0x0000000010004694        0xc CMakeFiles/geeps.dir/usr/local/pico-sdk/src/common/pico_time/time.c.obj
 .rodata.__func__.6014
                0x00000000100046a0       0x12 CMakeFiles/geeps.dir/usr/local/pico-sdk/src/common/pico_time/time.c.obj
 *fill*         0x00000000100046b2        0x2 
 .rodata.__func__.6030
                0x00000000100046b4        0xf CMakeFiles/geeps.dir/usr/local/pico-sdk/src/common/pico_time/time.c.obj
 *fill*         0x00000000100046c3        0x1 
 .rodata.__func__.6052
                0x00000000100046c4        0xd CMakeFiles/geeps.dir/usr/local/pico-sdk/src/common/pico_time/time.c.obj
 *fill*         0x00000000100046d1        0x3 
 .rodata.__func__.6276
                0x00000000100046d4        0xa CMakeFiles/geeps.dir/usr/local/pico-sdk/src/common/pico_time/time.c.obj
 *fill*         0x00000000100046de        0x2 
 .rodata.__func__.6281
                0x00000000100046e0       0x12 CMakeFiles/geeps.dir/usr/local/pico-sdk/src/common/pico_time/time.c.obj
 *fill*         0x00000000100046f2        0x2 
 .rodata.__func__.6296
                0x00000000100046f4       0x17 CMakeFiles/geeps.dir/usr/local/pico-sdk/src/common/pico_time/time.c.obj
 *fill*         0x000000001000470b        0x1 
 .rodata.__func__.6307
                0x000000001000470c       0x15 CMakeFiles/geeps.dir/usr/local/pico-sdk/src/common/pico_time/time.c.obj
 *fill*         0x0000000010004721        0x3 
 .rodata.__func__.6324
                0x0000000010004724       0x1a CMakeFiles/geeps.dir/usr/local/pico-sdk/src/common/pico_time/time.c.obj
 *fill*         0x000000001000473e        0x2 
 .rodata.hardware_alarm_claim.str1.4
                0x0000000010004740       0x22 CMakeFiles/geeps.dir/usr/local/pico-sdk/src/rp2_common/hardware_timer/timer.c.obj
 *fill*         0x0000000010004762        0x2 
 .rodata.hardware_alarm_set_target.str1.4
                0x0000000010004764       0x5e CMakeFiles/geeps.dir/usr/local/pico-sdk/src/rp2_common/hardware_timer/timer.c.obj
 *fill*         0x00000000100047c2        0x2 
 .rodata.__func__.4559
                0x00000000100047c4       0x1a CMakeFiles/geeps.dir/usr/local/pico-sdk/src/rp2_common/hardware_timer/timer.c.obj
 *fill*         0x00000000100047de        0x2 
 .rodata.str1.4
                0x00000000100047e0       0x85 CMakeFiles/geeps.dir/usr/local/pico-sdk/src/common/pico_sync/mutex.c.obj
                                         0xe1 (size before relaxing)
 *fill*         0x0000000010004865        0x3 
 .rodata.__func__.4700
                0x0000000010004868        0xb CMakeFiles/geeps.dir/usr/local/pico-sdk/src/common/pico_sync/mutex.c.obj
 .rodata.ph_add_child_node.str1.4
                0x0000000010004873       0x8e CMakeFiles/geeps.dir/usr/local/pico-sdk/src/common/pico_util/pheap.c.obj
 *fill*         0x0000000010004873        0x1 
 .rodata.ph_remove_any_head.str1.4
                0x0000000010004874       0x88 CMakeFiles/geeps.dir/usr/local/pico-sdk/src/common/pico_util/pheap.c.obj
 .rodata.ph_remove_and_free_node.str1.4
                0x00000000100048fc       0x26 CMakeFiles/geeps.dir/usr/local/pico-sdk/src/common/pico_util/pheap.c.obj
 *fill*         0x0000000010004922        0x2 
 .rodata.__func__.5708
                0x0000000010004924        0xc CMakeFiles/geeps.dir/usr/local/pico-sdk/src/common/pico_util/pheap.c.obj
 .rodata.__func__.5715
                0x0000000010004930       0x12 CMakeFiles/geeps.dir/usr/local/pico-sdk/src/common/pico_util/pheap.c.obj
 *fill*         0x0000000010004942        0x2 
 .rodata.__func__.5801
                0x0000000010004944       0x13 CMakeFiles/geeps.dir/usr/local/pico-sdk/src/common/pico_util/pheap.c.obj
 *fill*         0x0000000010004957        0x1 
 .rodata.__func__.5819
                0x0000000010004958       0x18 CMakeFiles/geeps.dir/usr/local/pico-sdk/src/common/pico_util/pheap.c.obj
 .rodata.__assert_func.str1.4
                0x0000000010004970       0x3f CMakeFiles/geeps.dir/usr/local/pico-sdk/src/rp2_common/pico_runtime/runtime.c.obj
                                         0x43 (size before relaxing)
 *fill*         0x00000000100049af        0x1 
 .rodata.runtime_init.str1.4
                0x00000000100049b0       0x5a CMakeFiles/geeps.dir/usr/local/pico-sdk/src/rp2_common/pico_runtime/runtime.c.obj
 *fill*         0x0000000010004a0a        0x2 
 .rodata.panic.str1.4
                0x0000000010004a0c       0x12 CMakeFiles/geeps.dir/usr/local/pico-sdk/src/rp2_common/pico_runtime/runtime.c.obj
 *fill*         0x0000000010004a1e        0x2 
 .rodata.__func__.5816
                0x0000000010004a20        0xd CMakeFiles/geeps.dir/usr/local/pico-sdk/src/rp2_common/pico_runtime/runtime.c.obj
 *fill*         0x0000000010004a2d        0x3 
 .rodata.clock_configure.str1.4
                0x0000000010004a30       0x50 CMakeFiles/geeps.dir/usr/local/pico-sdk/src/rp2_common/hardware_clocks/clocks.c.obj
 .rodata.__func__.4688
                0x0000000010004a80       0x10 CMakeFiles/geeps.dir/usr/local/pico-sdk/src/rp2_common/hardware_clocks/clocks.c.obj
 .rodata.make_branch.str1.4
                0x0000000010004a90       0x46 CMakeFiles/geeps.dir/usr/local/pico-sdk/src/rp2_common/hardware_irq/irq.c.obj
 *fill*         0x0000000010004ad6        0x2 
 .rodata.irq_set_exclusive_handler.str1.4
                0x0000000010004ad8       0x36 CMakeFiles/geeps.dir/usr/local/pico-sdk/src/rp2_common/hardware_irq/irq.c.obj
 *fill*         0x0000000010004b0e        0x2 
 .rodata.irq_add_shared_handler.str1.4
                0x0000000010004b10       0xd9 CMakeFiles/geeps.dir/usr/local/pico-sdk/src/rp2_common/hardware_irq/irq.c.obj
 *fill*         0x0000000010004be9        0x3 
 .rodata.irq_remove_handler.str1.4
                0x0000000010004bec       0x2a CMakeFiles/geeps.dir/usr/local/pico-sdk/src/rp2_common/hardware_irq/irq.c.obj
 *fill*         0x0000000010004c16        0x2 
 .rodata.irq_add_tail_to_free_list.str1.4
                0x0000000010004c18       0x32 CMakeFiles/geeps.dir/usr/local/pico-sdk/src/rp2_common/hardware_irq/irq.c.obj
                                         0x3a (size before relaxing)
 *fill*         0x0000000010004c4a        0x2 
 .rodata.__func__.4733
                0x0000000010004c4c       0x1a CMakeFiles/geeps.dir/usr/local/pico-sdk/src/rp2_common/hardware_irq/irq.c.obj
 *fill*         0x0000000010004c66        0x2 
 .rodata.__func__.4747
                0x0000000010004c68        0xc CMakeFiles/geeps.dir/usr/local/pico-sdk/src/rp2_common/hardware_irq/irq.c.obj
 .rodata.__func__.4755
                0x0000000010004c74       0x17 CMakeFiles/geeps.dir/usr/local/pico-sdk/src/rp2_common/hardware_irq/irq.c.obj
 *fill*         0x0000000010004c8b        0x1 
 .rodata.__func__.4759
                0x0000000010004c8c        0xf CMakeFiles/geeps.dir/usr/local/pico-sdk/src/rp2_common/hardware_irq/irq.c.obj
 *fill*         0x0000000010004c9b        0x1 
 .rodata.__func__.4798
                0x0000000010004c9c       0x13 CMakeFiles/geeps.dir/usr/local/pico-sdk/src/rp2_common/hardware_irq/irq.c.obj
 *fill*         0x0000000010004caf        0x1 
 .rodata.__func__.4821
                0x0000000010004cb0       0x1a CMakeFiles/geeps.dir/usr/local/pico-sdk/src/rp2_common/hardware_irq/irq.c.obj
 *fill*         0x0000000010004cca        0x2 
 .rodata.pll_init.str1.4
                0x0000000010004ccc       0xd3 CMakeFiles/geeps.dir/usr/local/pico-sdk/src/rp2_common/hardware_pll/pll.c.obj
 *fill*         0x0000000010004d9f        0x1 
 .rodata.__func__.4408
                0x0000000010004da0        0x9 CMakeFiles/geeps.dir/usr/local/pico-sdk/src/rp2_common/hardware_pll/pll.c.obj
 *fill*         0x0000000010004da9        0x3 
 .rodata._ftoa.str1.4
                0x0000000010004dac       0x15 CMakeFiles/geeps.dir/usr/local/pico-sdk/src/rp2_common/pico_printf/printf.c.obj
 *fill*         0x0000000010004dc1        0x3 
 .rodata._vsnprintf
                0x0000000010004dc4      0x1e0 CMakeFiles/geeps.dir/usr/local/pico-sdk/src/rp2_common/pico_printf/printf.c.obj
 *fill*         0x0000000010004fa4        0x4 
 .rodata.pow10.5422
                0x0000000010004fa8       0x50 CMakeFiles/geeps.dir/usr/local/pico-sdk/src/rp2_common/pico_printf/printf.c.obj
 .rodata.__aeabi_double_init.str1.4
                0x0000000010004ff8       0xa1 CMakeFiles/geeps.dir/usr/local/pico-sdk/src/rp2_common/pico_double/double_init_rom.c.obj
 *fill*         0x0000000010005099        0x3 
 .rodata.__func__.4719
                0x000000001000509c       0x14 CMakeFiles/geeps.dir/usr/local/pico-sdk/src/rp2_common/pico_double/double_init_rom.c.obj
 .rodata.__aeabi_float_init.str1.4
                0x00000000100050b0       0x73 CMakeFiles/geeps.dir/usr/local/pico-sdk/src/rp2_common/pico_float/float_init_rom.c.obj
                                         0x77 (size before relaxing)
 *fill*         0x0000000010005123        0x1 
 .rodata.__func__.4720
                0x0000000010005124       0x13 CMakeFiles/geeps.dir/usr/local/pico-sdk/src/rp2_common/pico_float/float_init_rom.c.obj
 *fill*         0x0000000010005137        0x1 
 .rodata.str1.4
                0x0000000010005138       0x3c CMakeFiles/geeps.dir/usr/local/pico-sdk/src/rp2_common/pico_standard_link/binary_info.c.obj
 .rodata.__bi_44
                0x0000000010005174        0xc CMakeFiles/geeps.dir/usr/local/pico-sdk/src/rp2_common/pico_standard_link/binary_info.c.obj
 .rodata.__bi_75
                0x0000000010005180        0xc CMakeFiles/geeps.dir/usr/local/pico-sdk/src/rp2_common/pico_standard_link/binary_info.c.obj
 .rodata.__bi_81
                0x000000001000518c        0xc CMakeFiles/geeps.dir/usr/local/pico-sdk/src/rp2_common/pico_standard_link/binary_info.c.obj
 .rodata.crlf_str.6051
                0x0000000010005198        0x2 CMakeFiles/geeps.dir/usr/local/pico-sdk/src/rp2_common/pico_stdio/stdio.c.obj
 *fill*         0x000000001000519a        0x2 
 .rodata.str1.4
                0x000000001000519c       0x2c CMakeFiles/geeps.dir/usr/local/pico-sdk/src/rp2_common/pico_stdio_uart/stdio_uart.c.obj
 .rodata.__bi_28.4752
                0x00000000100051c8        0xc CMakeFiles/geeps.dir/usr/local/pico-sdk/src/rp2_common/pico_stdio_uart/stdio_uart.c.obj
 .rodata.__bi_29.4756
                0x00000000100051d4        0x8 CMakeFiles/geeps.dir/usr/local/pico-sdk/src/rp2_common/pico_stdio_uart/stdio_uart.c.obj
                0x00000000100051dc                . = ALIGN (0x4)
 *(SORT_BY_ALIGNMENT(SORT_BY_NAME(.flashdata*)))
                0x00000000100051dc                . = ALIGN (0x4)

.rel.dyn        0x00000000100051dc        0x0
 .rel.iplt      0x00000000100051dc        0x0 /usr/lib/gcc/arm-none-eabi/9.2.1/thumb/v6-m/nofp/crtbegin.o

.ARM.extab
 *(.ARM.extab* .gnu.linkonce.armextab.*)
                0x00000000100051dc                __exidx_start = .

.ARM.exidx
 *(.ARM.exidx* .gnu.linkonce.armexidx.*)
                0x00000000100051dc                __exidx_end = .
                0x00000000100051dc                . = ALIGN (0x4)
                0x00000000100051dc                __binary_info_start = .

.binary_info    0x00000000100051dc       0x2c
 *(.binary_info.keep.*)
 .binary_info.keep.__bi_ptr10
                0x00000000100051dc        0x4 CMakeFiles/geeps.dir/src/main.cpp.obj
 .binary_info.keep.__bi_ptr9
                0x00000000100051e0        0x4 CMakeFiles/geeps.dir/src/main.cpp.obj
 .binary_info.keep.__bi_ptr22
                0x00000000100051e4        0x4 CMakeFiles/geeps.dir/usr/local/pico-sdk/src/rp2_common/pico_standard_link/binary_info.c.obj
 .binary_info.keep.__bi_ptr30
                0x00000000100051e8        0x4 CMakeFiles/geeps.dir/usr/local/pico-sdk/src/rp2_common/pico_standard_link/binary_info.c.obj
 .binary_info.keep.__bi_ptr38
                0x00000000100051ec        0x4 CMakeFiles/geeps.dir/usr/local/pico-sdk/src/rp2_common/pico_standard_link/binary_info.c.obj
 .binary_info.keep.__bi_ptr44
                0x00000000100051f0        0x4 CMakeFiles/geeps.dir/usr/local/pico-sdk/src/rp2_common/pico_standard_link/binary_info.c.obj
 .binary_info.keep.__bi_ptr50
                0x00000000100051f4        0x4 CMakeFiles/geeps.dir/usr/local/pico-sdk/src/rp2_common/pico_standard_link/binary_info.c.obj
 .binary_info.keep.__bi_ptr75
                0x00000000100051f8        0x4 CMakeFiles/geeps.dir/usr/local/pico-sdk/src/rp2_common/pico_standard_link/binary_info.c.obj
 .binary_info.keep.__bi_ptr81
                0x00000000100051fc        0x4 CMakeFiles/geeps.dir/usr/local/pico-sdk/src/rp2_common/pico_standard_link/binary_info.c.obj
 *(.binary_info.*)
 .binary_info.__bi_ptr28
                0x0000000010005200        0x4 CMakeFiles/geeps.dir/usr/local/pico-sdk/src/rp2_common/pico_stdio_uart/stdio_uart.c.obj
 .binary_info.__bi_ptr29
                0x0000000010005204        0x4 CMakeFiles/geeps.dir/usr/local/pico-sdk/src/rp2_common/pico_stdio_uart/stdio_uart.c.obj
                0x0000000010005208                __binary_info_end = .
                0x0000000010005208                . = ALIGN (0x4)
                0x0000000010005208                __etext = .

.ram_vector_table
                0x0000000020000000       0xc0
 *(.ram_vector_table)
 .ram_vector_table
                0x0000000020000000       0xc0 CMakeFiles/geeps.dir/usr/local/pico-sdk/src/rp2_common/pico_runtime/runtime.c.obj
                0x0000000020000000                ram_vector_table

.data           0x00000000200000c0      0x1c0 load address 0x0000000010005208
                0x00000000200000c0                __data_start__ = .
 *(vtable)
 *(.time_critical*)
 .time_critical.mutex_enter_blocking
                0x00000000200000c0       0x48 CMakeFiles/geeps.dir/usr/local/pico-sdk/src/common/pico_sync/mutex.c.obj
                0x00000000200000c0                mutex_enter_blocking
 .time_critical.mutex_try_enter
                0x0000000020000108       0x48 CMakeFiles/geeps.dir/usr/local/pico-sdk/src/common/pico_sync/mutex.c.obj
                0x0000000020000108                mutex_try_enter
 .time_critical.mutex_exit
                0x0000000020000150       0x4c CMakeFiles/geeps.dir/usr/local/pico-sdk/src/common/pico_sync/mutex.c.obj
                0x0000000020000150                mutex_exit
 *(.text*)
 .text          0x000000002000019c        0x4 /usr/lib/gcc/arm-none-eabi/9.2.1/thumb/v6-m/nofp/libgcc.a(_dvmd_tls.o)
                0x000000002000019c                __aeabi_ldiv0
                0x000000002000019c                __aeabi_idiv0
 .text.__stub   0x00000000200001a0       0x10 linker stubs
                0x00000000200001b0                . = ALIGN (0x4)
 *(.rodata*)
                0x00000000200001b0                . = ALIGN (0x4)
 *(.data*)
 .data.striped_spin_lock_num
                0x00000000200001b0        0x1 CMakeFiles/geeps.dir/usr/local/pico-sdk/src/rp2_common/hardware_sync/sync.c.obj
 *fill*         0x00000000200001b1        0x3 
 .data.default_alarm_pool
                0x00000000200001b4       0x18 CMakeFiles/geeps.dir/usr/local/pico-sdk/src/common/pico_time/time.c.obj
 .data.default_alarm_pool_heap
                0x00000000200001cc       0x10 CMakeFiles/geeps.dir/usr/local/pico-sdk/src/common/pico_time/time.c.obj
 .data          0x00000000200001dc       0x48 CMakeFiles/geeps.dir/usr/local/pico-sdk/src/rp2_common/hardware_irq/irq_handler_chain.S.obj
                0x00000000200001dc                irq_handler_chain_slots
                0x000000002000020c                irq_handler_chain_first_slot
                0x0000000020000216                irq_handler_chain_remove_tail
 *fill*         0x0000000020000224        0xc 
 .data.aeabi_bits_funcs
                0x0000000020000230       0x10 CMakeFiles/geeps.dir/usr/local/pico-sdk/src/rp2_common/pico_bit_ops/bit_ops_aeabi.S.obj
                0x0000000020000230                aeabi_bits_funcs
                0x0000000020000240                aeabi_bits_funcs_end
 .data.aeabi_mem_funcs
                0x0000000020000240       0x10 CMakeFiles/geeps.dir/usr/local/pico-sdk/src/rp2_common/pico_mem_ops/mem_ops_aeabi.S.obj
                0x0000000020000240                aeabi_mem_funcs
                0x0000000020000250                aeabi_mem_funcs_end
 .data.stdio_uart
                0x0000000020000250       0x14 CMakeFiles/geeps.dir/usr/local/pico-sdk/src/rp2_common/pico_stdio_uart/stdio_uart.c.obj
                0x0000000020000250                stdio_uart
                0x0000000020000264                . = ALIGN (0x4)
 *(.after_data.*)
                0x0000000020000264                . = ALIGN (0x4)
                0x0000000020000264                PROVIDE (__mutex_array_start = .)
 *(SORT_BY_NAME(.mutex_array.*))
 *(.mutex_array)
 .mutex_array   0x0000000020000264        0x8 CMakeFiles/geeps.dir/usr/local/pico-sdk/src/rp2_common/pico_stdio/stdio.c.obj
                0x000000002000026c                PROVIDE (__mutex_array_end = .)
                0x000000002000026c                . = ALIGN (0x4)
                0x000000002000026c                PROVIDE (__preinit_array_start = .)
 *(SORT_BY_NAME(.preinit_array.*))
 .preinit_array.00001
                0x000000002000026c        0x4 CMakeFiles/geeps.dir/usr/local/pico-sdk/src/rp2_common/pico_mem_ops/mem_ops_aeabi.S.obj
 .preinit_array.00010
                0x0000000020000270        0x4 CMakeFiles/geeps.dir/usr/local/pico-sdk/src/rp2_common/pico_bit_ops/bit_ops_aeabi.S.obj
 .preinit_array.00020
                0x0000000020000274        0x4 CMakeFiles/geeps.dir/usr/local/pico-sdk/src/rp2_common/pico_double/double_aeabi.S.obj
 .preinit_array.00020
                0x0000000020000278        0x4 CMakeFiles/geeps.dir/usr/local/pico-sdk/src/rp2_common/pico_float/float_aeabi.S.obj
 *(.preinit_array)
                0x000000002000027c                PROVIDE (__preinit_array_end = .)
                0x000000002000027c                . = ALIGN (0x4)
                0x000000002000027c                PROVIDE (__init_array_start = .)
 *(SORT_BY_NAME(.init_array.*))
 *(.init_array)
 .init_array    0x000000002000027c        0x4 /usr/lib/gcc/arm-none-eabi/9.2.1/thumb/v6-m/nofp/crtbegin.o
                0x0000000020000280                PROVIDE (__init_array_end = .)
                0x0000000020000280                . = ALIGN (0x4)
                0x0000000020000280                PROVIDE (__fini_array_start = .)
 *(SORT_BY_NAME(.fini_array.*))
 *(.fini_array)
                0x0000000020000280                PROVIDE (__fini_array_end = .)
 *(.jcr)
                0x0000000020000280                . = ALIGN (0x4)
                0x0000000020000280                __data_end__ = .

.tm_clone_table
                0x0000000020000280        0x0 load address 0x00000000100053c8
 .tm_clone_table
                0x0000000020000280        0x0 /usr/lib/gcc/arm-none-eabi/9.2.1/thumb/v6-m/nofp/crtbegin.o
 .tm_clone_table
                0x0000000020000280        0x0 /usr/lib/gcc/arm-none-eabi/9.2.1/thumb/v6-m/nofp/crtend.o

.igot.plt       0x0000000020000280        0x0 load address 0x00000000100053c8
 .igot.plt      0x0000000020000280        0x0 /usr/lib/gcc/arm-none-eabi/9.2.1/thumb/v6-m/nofp/crtbegin.o

.uninitialized_data
                0x0000000020000280        0x0 load address 0x00000000100053c8
                0x0000000020000280                . = ALIGN (0x4)
 *(.uninitialized_data*)

.scratch_x      0x0000000020040000        0x0 load address 0x00000000100053c8
                0x0000000020040000                __scratch_x_start__ = .
 *(.scratch_x.*)
                0x0000000020040000                . = ALIGN (0x4)
                0x0000000020040000                __scratch_x_end__ = .
                0x00000000100053c8                __scratch_x_source__ = LOADADDR (.scratch_x)

.scratch_y      0x0000000020041000        0x0 load address 0x00000000100053c8
                0x0000000020041000                __scratch_y_start__ = .
 *(.scratch_y.*)
                0x0000000020041000                . = ALIGN (0x4)
                0x0000000020041000                __scratch_y_end__ = .
                0x00000000100053c8                __scratch_y_source__ = LOADADDR (.scratch_y)

.bss            0x0000000020000280      0x3d0
                0x0000000020000280                . = ALIGN (0x4)
                0x0000000020000280                __bss_start__ = .
 *(SORT_BY_ALIGNMENT(SORT_BY_NAME(.bss*)))
 .bss.default_alarm_pool_entries
                0x0000000020000280      0x100 CMakeFiles/geeps.dir/usr/local/pico-sdk/src/common/pico_time/time.c.obj
 .bss           0x0000000020000380       0x1c /usr/lib/gcc/arm-none-eabi/9.2.1/thumb/v6-m/nofp/crtbegin.o
 .bss.alarm_callbacks
                0x000000002000039c       0x10 CMakeFiles/geeps.dir/usr/local/pico-sdk/src/rp2_common/hardware_timer/timer.c.obj
 .bss.configured_freq
                0x00000000200003ac       0x28 CMakeFiles/geeps.dir/usr/local/pico-sdk/src/rp2_common/hardware_clocks/clocks.c.obj
 .bss.default_alarm_pool_entry_ids_high
                0x00000000200003d4       0x10 CMakeFiles/geeps.dir/usr/local/pico-sdk/src/common/pico_time/time.c.obj
 .bss.default_alarm_pool_heap_nodes
                0x00000000200003e4       0x30 CMakeFiles/geeps.dir/usr/local/pico-sdk/src/common/pico_time/time.c.obj
 .bss.drivers   0x0000000020000414        0x4 CMakeFiles/geeps.dir/usr/local/pico-sdk/src/rp2_common/pico_stdio/stdio.c.obj
 .bss.filter    0x0000000020000418        0x4 CMakeFiles/geeps.dir/usr/local/pico-sdk/src/rp2_common/pico_stdio/stdio.c.obj
 .bss.pools     0x000000002000041c       0x10 CMakeFiles/geeps.dir/usr/local/pico-sdk/src/common/pico_time/time.c.obj
 .bss.sf_clz_func
                0x000000002000042c        0x4 CMakeFiles/geeps.dir/usr/local/pico-sdk/src/rp2_common/pico_double/double_init_rom.c.obj
                0x000000002000042c                sf_clz_func
 .bss.sleep_notifier
                0x0000000020000430        0x4 CMakeFiles/geeps.dir/usr/local/pico-sdk/src/common/pico_time/time.c.obj
 .bss.target_hi
                0x0000000020000434       0x10 CMakeFiles/geeps.dir/usr/local/pico-sdk/src/rp2_common/hardware_timer/timer.c.obj
 .bss.uart_instance
                0x0000000020000444        0x4 CMakeFiles/geeps.dir/usr/local/pico-sdk/src/rp2_common/pico_stdio_uart/stdio_uart.c.obj
 .bss.claimed   0x0000000020000448        0x1 CMakeFiles/geeps.dir/usr/local/pico-sdk/src/rp2_common/hardware_timer/timer.c.obj
 .bss.irq_hander_chain_free_slot_head
                0x0000000020000449        0x1 CMakeFiles/geeps.dir/usr/local/pico-sdk/src/rp2_common/hardware_irq/irq.c.obj
 .bss.timer_callbacks_pending
                0x000000002000044a        0x1 CMakeFiles/geeps.dir/usr/local/pico-sdk/src/rp2_common/hardware_timer/timer.c.obj
 *(COMMON)
 *fill*         0x000000002000044b        0x1 
 COMMON         0x000000002000044c        0x4 CMakeFiles/geeps.dir/usr/local/pico-sdk/src/rp2_common/hardware_uart/uart.c.obj
                0x000000002000044c                uart_char_to_line_feed
 COMMON         0x0000000020000450      0x100 CMakeFiles/geeps.dir/usr/local/pico-sdk/src/rp2_common/pico_double/double_init_rom.c.obj
                0x0000000020000450                sd_table
 COMMON         0x0000000020000550      0x100 CMakeFiles/geeps.dir/usr/local/pico-sdk/src/rp2_common/pico_float/float_init_rom.c.obj
                0x0000000020000550                sf_table
                0x0000000020000650                . = ALIGN (0x4)
                0x0000000020000650                __bss_end__ = .

.heap           0x0000000020000650      0x800
                0x0000000020000650                __end__ = .
                0x0000000020000650                end = __end__
 *(.heap*)
 .heap          0x0000000020000650      0x800 CMakeFiles/geeps.dir/usr/local/pico-sdk/src/rp2_common/pico_standard_link/crt0.S.obj
                0x0000000020000e50                __HeapLimit = .

.stack1_dummy   0x0000000020040000        0x0
 *(.stack1*)

.stack_dummy    0x0000000020041000      0x800
 *(.stack*)
 .stack         0x0000000020041000      0x800 CMakeFiles/geeps.dir/usr/local/pico-sdk/src/rp2_common/pico_standard_link/crt0.S.obj

.flash_end      0x00000000100053c8        0x0
                0x00000000100053c8                __flash_binary_end = .
                0x0000000020040000                __StackLimit = (ORIGIN (RAM) + LENGTH (RAM))
                0x0000000020041000                __StackOneTop = (ORIGIN (SCRATCH_X) + LENGTH (SCRATCH_X))
                0x0000000020042000                __StackTop = (ORIGIN (SCRATCH_Y) + LENGTH (SCRATCH_Y))
                0x0000000020041000                __StackOneBottom = (__StackOneTop - SIZEOF (.stack1_dummy))
                0x0000000020041800                __StackBottom = (__StackTop - SIZEOF (.stack_dummy))
                0x0000000020042000                PROVIDE (__stack = __StackTop)
                0x0000000000000001                ASSERT ((__StackLimit >= __HeapLimit), region RAM overflowed)
                0x0000000000000001                ASSERT (((__binary_info_header_end - __logical_binary_start) <= 0x100), Binary info must be in first 256 bytes of the binary)
LOAD CMakeFiles/geeps.dir/src/main.cpp.obj
LOAD CMakeFiles/geeps.dir/src/display/epaper.cc.obj
LOAD CMakeFiles/geeps.dir/usr/local/pico-sdk/src/rp2_common/pico_stdlib/stdlib.c.obj
LOAD CMakeFiles/geeps.dir/usr/local/pico-sdk/src/rp2_common/hardware_gpio/gpio.c.obj
LOAD CMakeFiles/geeps.dir/usr/local/pico-sdk/src/rp2_common/hardware_claim/claim.c.obj
LOAD CMakeFiles/geeps.dir/usr/local/pico-sdk/src/rp2_common/pico_platform/platform.c.obj
LOAD CMakeFiles/geeps.dir/usr/local/pico-sdk/src/rp2_common/hardware_sync/sync.c.obj
LOAD CMakeFiles/geeps.dir/usr/local/pico-sdk/src/rp2_common/hardware_uart/uart.c.obj
LOAD CMakeFiles/geeps.dir/usr/local/pico-sdk/src/rp2_common/hardware_divider/divider.S.obj
LOAD CMakeFiles/geeps.dir/usr/local/pico-sdk/src/common/pico_time/time.c.obj
LOAD CMakeFiles/geeps.dir/usr/local/pico-sdk/src/common/pico_time/timeout_helper.c.obj
LOAD CMakeFiles/geeps.dir/usr/local/pico-sdk/src/rp2_common/hardware_timer/timer.c.obj
LOAD CMakeFiles/geeps.dir/usr/local/pico-sdk/src/common/pico_sync/sem.c.obj
LOAD CMakeFiles/geeps.dir/usr/local/pico-sdk/src/common/pico_sync/lock_core.c.obj
LOAD CMakeFiles/geeps.dir/usr/local/pico-sdk/src/common/pico_sync/mutex.c.obj
LOAD CMakeFiles/geeps.dir/usr/local/pico-sdk/src/common/pico_sync/critical_section.c.obj
LOAD CMakeFiles/geeps.dir/usr/local/pico-sdk/src/common/pico_util/datetime.c.obj
LOAD CMakeFiles/geeps.dir/usr/local/pico-sdk/src/common/pico_util/pheap.c.obj
LOAD CMakeFiles/geeps.dir/usr/local/pico-sdk/src/common/pico_util/queue.c.obj
LOAD CMakeFiles/geeps.dir/usr/local/pico-sdk/src/rp2_common/pico_runtime/runtime.c.obj
LOAD CMakeFiles/geeps.dir/usr/local/pico-sdk/src/rp2_common/hardware_clocks/clocks.c.obj
LOAD CMakeFiles/geeps.dir/usr/local/pico-sdk/src/rp2_common/hardware_irq/irq.c.obj
LOAD CMakeFiles/geeps.dir/usr/local/pico-sdk/src/rp2_common/hardware_irq/irq_handler_chain.S.obj
LOAD CMakeFiles/geeps.dir/usr/local/pico-sdk/src/rp2_common/hardware_pll/pll.c.obj
LOAD CMakeFiles/geeps.dir/usr/local/pico-sdk/src/rp2_common/hardware_vreg/vreg.c.obj
LOAD CMakeFiles/geeps.dir/usr/local/pico-sdk/src/rp2_common/hardware_watchdog/watchdog.c.obj
LOAD CMakeFiles/geeps.dir/usr/local/pico-sdk/src/rp2_common/hardware_xosc/xosc.c.obj
LOAD CMakeFiles/geeps.dir/usr/local/pico-sdk/src/rp2_common/pico_printf/printf.c.obj
LOAD CMakeFiles/geeps.dir/usr/local/pico-sdk/src/rp2_common/pico_bit_ops/bit_ops_aeabi.S.obj
LOAD CMakeFiles/geeps.dir/usr/local/pico-sdk/src/rp2_common/pico_bootrom/bootrom.c.obj
LOAD CMakeFiles/geeps.dir/usr/local/pico-sdk/src/rp2_common/pico_divider/divider.S.obj
LOAD CMakeFiles/geeps.dir/usr/local/pico-sdk/src/rp2_common/pico_double/double_aeabi.S.obj
LOAD CMakeFiles/geeps.dir/usr/local/pico-sdk/src/rp2_common/pico_double/double_init_rom.c.obj
LOAD CMakeFiles/geeps.dir/usr/local/pico-sdk/src/rp2_common/pico_double/double_math.c.obj
LOAD CMakeFiles/geeps.dir/usr/local/pico-sdk/src/rp2_common/pico_double/double_v1_rom_shim.S.obj
LOAD CMakeFiles/geeps.dir/usr/local/pico-sdk/src/rp2_common/pico_int64_ops/pico_int64_ops_aeabi.S.obj
LOAD CMakeFiles/geeps.dir/usr/local/pico-sdk/src/rp2_common/pico_float/float_aeabi.S.obj
LOAD CMakeFiles/geeps.dir/usr/local/pico-sdk/src/rp2_common/pico_float/float_init_rom.c.obj
LOAD CMakeFiles/geeps.dir/usr/local/pico-sdk/src/rp2_common/pico_float/float_math.c.obj
LOAD CMakeFiles/geeps.dir/usr/local/pico-sdk/src/rp2_common/pico_float/float_v1_rom_shim.S.obj
LOAD CMakeFiles/geeps.dir/usr/local/pico-sdk/src/rp2_common/pico_malloc/pico_malloc.c.obj
LOAD CMakeFiles/geeps.dir/usr/local/pico-sdk/src/rp2_common/pico_mem_ops/mem_ops_aeabi.S.obj
LOAD CMakeFiles/geeps.dir/usr/local/pico-sdk/src/rp2_common/pico_standard_link/crt0.S.obj
LOAD CMakeFiles/geeps.dir/usr/local/pico-sdk/src/rp2_common/pico_standard_link/new_delete.cpp.obj
LOAD CMakeFiles/geeps.dir/usr/local/pico-sdk/src/rp2_common/pico_standard_link/binary_info.c.obj
LOAD CMakeFiles/geeps.dir/usr/local/pico-sdk/src/rp2_common/pico_stdio/stdio.c.obj
LOAD CMakeFiles/geeps.dir/usr/local/pico-sdk/src/rp2_common/pico_stdio_uart/stdio_uart.c.obj
LOAD /tmp/ccMLWu6r.o
LOAD /usr/lib/gcc/arm-none-eabi/9.2.1/../../../arm-none-eabi/lib/thumb/v6-m/nofp/libstdc++.a
LOAD /usr/lib/gcc/arm-none-eabi/9.2.1/../../../arm-none-eabi/lib/thumb/v6-m/nofp/libm.a
START GROUP
LOAD /usr/lib/gcc/arm-none-eabi/9.2.1/thumb/v6-m/nofp/libgcc.a
LOAD /usr/lib/gcc/arm-none-eabi/9.2.1/../../../arm-none-eabi/lib/thumb/v6-m/nofp/libg.a
LOAD /usr/lib/gcc/arm-none-eabi/9.2.1/../../../arm-none-eabi/lib/thumb/v6-m/nofp/libc.a
END GROUP
START GROUP
LOAD /usr/lib/gcc/arm-none-eabi/9.2.1/thumb/v6-m/nofp/libgcc.a
LOAD /usr/lib/gcc/arm-none-eabi/9.2.1/../../../arm-none-eabi/lib/thumb/v6-m/nofp/libc.a
LOAD /usr/lib/gcc/arm-none-eabi/9.2.1/../../../arm-none-eabi/lib/thumb/v6-m/nofp/libnosys.a
END GROUP
LOAD /usr/lib/gcc/arm-none-eabi/9.2.1/thumb/v6-m/nofp/crtend.o
LOAD /usr/lib/gcc/arm-none-eabi/9.2.1/thumb/v6-m/nofp/crtn.o
OUTPUT(geeps.elf elf32-littlearm)
LOAD linker stubs

.ARM.attributes
                0x0000000000000000       0x28
 .ARM.attributes
                0x0000000000000000       0x1e /usr/lib/gcc/arm-none-eabi/9.2.1/thumb/v6-m/nofp/crti.o
 .ARM.attributes
                0x000000000000001e       0x2c /usr/lib/gcc/arm-none-eabi/9.2.1/thumb/v6-m/nofp/crtbegin.o
 .ARM.attributes
                0x000000000000004a       0x2c CMakeFiles/geeps.dir/src/main.cpp.obj
 .ARM.attributes
                0x0000000000000076       0x2c CMakeFiles/geeps.dir/usr/local/pico-sdk/src/rp2_common/hardware_gpio/gpio.c.obj
 .ARM.attributes
                0x00000000000000a2       0x2c CMakeFiles/geeps.dir/usr/local/pico-sdk/src/rp2_common/hardware_claim/claim.c.obj
 .ARM.attributes
                0x00000000000000ce       0x2c CMakeFiles/geeps.dir/usr/local/pico-sdk/src/rp2_common/pico_platform/platform.c.obj
 .ARM.attributes
                0x00000000000000fa       0x2c CMakeFiles/geeps.dir/usr/local/pico-sdk/src/rp2_common/hardware_sync/sync.c.obj
 .ARM.attributes
                0x0000000000000126       0x2c CMakeFiles/geeps.dir/usr/local/pico-sdk/src/rp2_common/hardware_uart/uart.c.obj
 .ARM.attributes
                0x0000000000000152       0x2c CMakeFiles/geeps.dir/usr/local/pico-sdk/src/common/pico_time/time.c.obj
 .ARM.attributes
                0x000000000000017e       0x2c CMakeFiles/geeps.dir/usr/local/pico-sdk/src/rp2_common/hardware_timer/timer.c.obj
 .ARM.attributes
                0x00000000000001aa       0x2c CMakeFiles/geeps.dir/usr/local/pico-sdk/src/common/pico_sync/lock_core.c.obj
 .ARM.attributes
                0x00000000000001d6       0x2c CMakeFiles/geeps.dir/usr/local/pico-sdk/src/common/pico_sync/mutex.c.obj
 .ARM.attributes
                0x0000000000000202       0x2c CMakeFiles/geeps.dir/usr/local/pico-sdk/src/common/pico_util/pheap.c.obj
 .ARM.attributes
                0x000000000000022e       0x2c CMakeFiles/geeps.dir/usr/local/pico-sdk/src/rp2_common/pico_runtime/runtime.c.obj
 .ARM.attributes
                0x000000000000025a       0x2c CMakeFiles/geeps.dir/usr/local/pico-sdk/src/rp2_common/hardware_clocks/clocks.c.obj
 .ARM.attributes
                0x0000000000000286       0x2c CMakeFiles/geeps.dir/usr/local/pico-sdk/src/rp2_common/hardware_irq/irq.c.obj
 .ARM.attributes
                0x00000000000002b2       0x22 CMakeFiles/geeps.dir/usr/local/pico-sdk/src/rp2_common/hardware_irq/irq_handler_chain.S.obj
 .ARM.attributes
                0x00000000000002d4       0x2c CMakeFiles/geeps.dir/usr/local/pico-sdk/src/rp2_common/hardware_pll/pll.c.obj
 .ARM.attributes
                0x0000000000000300       0x2c CMakeFiles/geeps.dir/usr/local/pico-sdk/src/rp2_common/hardware_watchdog/watchdog.c.obj
 .ARM.attributes
                0x000000000000032c       0x2c CMakeFiles/geeps.dir/usr/local/pico-sdk/src/rp2_common/hardware_xosc/xosc.c.obj
 .ARM.attributes
                0x0000000000000358       0x2c CMakeFiles/geeps.dir/usr/local/pico-sdk/src/rp2_common/pico_printf/printf.c.obj
 .ARM.attributes
                0x0000000000000384       0x22 CMakeFiles/geeps.dir/usr/local/pico-sdk/src/rp2_common/pico_bit_ops/bit_ops_aeabi.S.obj
 .ARM.attributes
                0x00000000000003a6       0x2c CMakeFiles/geeps.dir/usr/local/pico-sdk/src/rp2_common/pico_bootrom/bootrom.c.obj
 .ARM.attributes
                0x00000000000003d2       0x22 CMakeFiles/geeps.dir/usr/local/pico-sdk/src/rp2_common/pico_divider/divider.S.obj
 .ARM.attributes
                0x00000000000003f4       0x22 CMakeFiles/geeps.dir/usr/local/pico-sdk/src/rp2_common/pico_double/double_aeabi.S.obj
 .ARM.attributes
                0x0000000000000416       0x2c CMakeFiles/geeps.dir/usr/local/pico-sdk/src/rp2_common/pico_double/double_init_rom.c.obj
 .ARM.attributes
                0x0000000000000442       0x22 CMakeFiles/geeps.dir/usr/local/pico-sdk/src/rp2_common/pico_double/double_v1_rom_shim.S.obj
 .ARM.attributes
                0x0000000000000464       0x22 CMakeFiles/geeps.dir/usr/local/pico-sdk/src/rp2_common/pico_int64_ops/pico_int64_ops_aeabi.S.obj
 .ARM.attributes
                0x0000000000000486       0x22 CMakeFiles/geeps.dir/usr/local/pico-sdk/src/rp2_common/pico_float/float_aeabi.S.obj
 .ARM.attributes
                0x00000000000004a8       0x2c CMakeFiles/geeps.dir/usr/local/pico-sdk/src/rp2_common/pico_float/float_init_rom.c.obj
 .ARM.attributes
                0x00000000000004d4       0x22 CMakeFiles/geeps.dir/usr/local/pico-sdk/src/rp2_common/pico_float/float_v1_rom_shim.S.obj
 .ARM.attributes
                0x00000000000004f6       0x22 CMakeFiles/geeps.dir/usr/local/pico-sdk/src/rp2_common/pico_mem_ops/mem_ops_aeabi.S.obj
 .ARM.attributes
                0x0000000000000518       0x22 CMakeFiles/geeps.dir/usr/local/pico-sdk/src/rp2_common/pico_standard_link/crt0.S.obj
 .ARM.attributes
                0x000000000000053a       0x32 CMakeFiles/geeps.dir/usr/local/pico-sdk/src/rp2_common/pico_standard_link/binary_info.c.obj
 .ARM.attributes
                0x000000000000056c       0x2c CMakeFiles/geeps.dir/usr/local/pico-sdk/src/rp2_common/pico_stdio/stdio.c.obj
 .ARM.attributes
                0x0000000000000598       0x2c CMakeFiles/geeps.dir/usr/local/pico-sdk/src/rp2_common/pico_stdio_uart/stdio_uart.c.obj
 .ARM.attributes
                0x00000000000005c4       0x22 /tmp/ccMLWu6r.o
 .ARM.attributes
                0x00000000000005e6       0x1e /usr/lib/gcc/arm-none-eabi/9.2.1/thumb/v6-m/nofp/libgcc.a(_dvmd_tls.o)
 .ARM.attributes
                0x0000000000000604       0x2c /usr/lib/gcc/arm-none-eabi/9.2.1/../../../arm-none-eabi/lib/thumb/v6-m/nofp/libg.a(lib_a-strlen-stub.o)
 .ARM.attributes
                0x0000000000000630       0x2c /usr/lib/gcc/arm-none-eabi/9.2.1/thumb/v6-m/nofp/crtend.o

.comment        0x0000000000000000       0xa7
 .comment       0x0000000000000000       0x59 /usr/lib/gcc/arm-none-eabi/9.2.1/thumb/v6-m/nofp/crtbegin.o
                                         0x5a (size before relaxing)
 .comment       0x0000000000000059       0x5a CMakeFiles/geeps.dir/src/main.cpp.obj
 .comment       0x0000000000000059       0x5a CMakeFiles/geeps.dir/usr/local/pico-sdk/src/rp2_common/hardware_gpio/gpio.c.obj
 .comment       0x0000000000000059       0x5a CMakeFiles/geeps.dir/usr/local/pico-sdk/src/rp2_common/hardware_claim/claim.c.obj
 .comment       0x0000000000000059       0x5a CMakeFiles/geeps.dir/usr/local/pico-sdk/src/rp2_common/pico_platform/platform.c.obj
 .comment       0x0000000000000059       0x5a CMakeFiles/geeps.dir/usr/local/pico-sdk/src/rp2_common/hardware_sync/sync.c.obj
 .comment       0x0000000000000059       0x5a CMakeFiles/geeps.dir/usr/local/pico-sdk/src/rp2_common/hardware_uart/uart.c.obj
 .comment       0x0000000000000059       0x5a CMakeFiles/geeps.dir/usr/local/pico-sdk/src/common/pico_time/time.c.obj
 .comment       0x0000000000000059       0x5a CMakeFiles/geeps.dir/usr/local/pico-sdk/src/rp2_common/hardware_timer/timer.c.obj
 .comment       0x0000000000000059       0x5a CMakeFiles/geeps.dir/usr/local/pico-sdk/src/common/pico_sync/lock_core.c.obj
 .comment       0x0000000000000059       0x5a CMakeFiles/geeps.dir/usr/local/pico-sdk/src/common/pico_sync/mutex.c.obj
 .comment       0x0000000000000059       0x5a CMakeFiles/geeps.dir/usr/local/pico-sdk/src/common/pico_util/pheap.c.obj
 .comment       0x0000000000000059       0x5a CMakeFiles/geeps.dir/usr/local/pico-sdk/src/rp2_common/pico_runtime/runtime.c.obj
 .comment       0x0000000000000059       0x5a CMakeFiles/geeps.dir/usr/local/pico-sdk/src/rp2_common/hardware_clocks/clocks.c.obj
 .comment       0x0000000000000059       0x5a CMakeFiles/geeps.dir/usr/local/pico-sdk/src/rp2_common/hardware_irq/irq.c.obj
 .comment       0x0000000000000059       0x5a CMakeFiles/geeps.dir/usr/local/pico-sdk/src/rp2_common/hardware_pll/pll.c.obj
 .comment       0x0000000000000059       0x5a CMakeFiles/geeps.dir/usr/local/pico-sdk/src/rp2_common/hardware_watchdog/watchdog.c.obj
 .comment       0x0000000000000059       0x5a CMakeFiles/geeps.dir/usr/local/pico-sdk/src/rp2_common/hardware_xosc/xosc.c.obj
 .comment       0x0000000000000059       0x5a CMakeFiles/geeps.dir/usr/local/pico-sdk/src/rp2_common/pico_printf/printf.c.obj
 .comment       0x0000000000000059       0x5a CMakeFiles/geeps.dir/usr/local/pico-sdk/src/rp2_common/pico_bootrom/bootrom.c.obj
 .comment       0x0000000000000059       0x5a CMakeFiles/geeps.dir/usr/local/pico-sdk/src/rp2_common/pico_double/double_init_rom.c.obj
 .comment       0x0000000000000059       0x5a CMakeFiles/geeps.dir/usr/local/pico-sdk/src/rp2_common/pico_float/float_init_rom.c.obj
 .comment       0x0000000000000059       0x5a CMakeFiles/geeps.dir/usr/local/pico-sdk/src/rp2_common/pico_standard_link/binary_info.c.obj
 .comment       0x0000000000000059       0x5a CMakeFiles/geeps.dir/usr/local/pico-sdk/src/rp2_common/pico_stdio/stdio.c.obj
 .comment       0x0000000000000059       0x5a CMakeFiles/geeps.dir/usr/local/pico-sdk/src/rp2_common/pico_stdio_uart/stdio_uart.c.obj
 .comment       0x0000000000000059       0x4e /usr/lib/gcc/arm-none-eabi/9.2.1/../../../arm-none-eabi/lib/thumb/v6-m/nofp/libg.a(lib_a-strlen-stub.o)
                                         0x4f (size before relaxing)
 .comment       0x00000000000000a7       0x5a /usr/lib/gcc/arm-none-eabi/9.2.1/thumb/v6-m/nofp/crtend.o

.debug_info     0x0000000000000000    0x18c7f
 .debug_info    0x0000000000000000     0x109f CMakeFiles/geeps.dir/src/main.cpp.obj
 .debug_info    0x000000000000109f     0x1479 CMakeFiles/geeps.dir/usr/local/pico-sdk/src/rp2_common/hardware_gpio/gpio.c.obj
 .debug_info    0x0000000000002518      0x6a3 CMakeFiles/geeps.dir/usr/local/pico-sdk/src/rp2_common/hardware_claim/claim.c.obj
 .debug_info    0x0000000000002bbb      0x1cb CMakeFiles/geeps.dir/usr/local/pico-sdk/src/rp2_common/pico_platform/platform.c.obj
 .debug_info    0x0000000000002d86      0x576 CMakeFiles/geeps.dir/usr/local/pico-sdk/src/rp2_common/hardware_sync/sync.c.obj
 .debug_info    0x00000000000032fc      0xb2e CMakeFiles/geeps.dir/usr/local/pico-sdk/src/rp2_common/hardware_uart/uart.c.obj
 .debug_info    0x0000000000003e2a     0x435e CMakeFiles/geeps.dir/usr/local/pico-sdk/src/common/pico_time/time.c.obj
 .debug_info    0x0000000000008188     0x10e6 CMakeFiles/geeps.dir/usr/local/pico-sdk/src/rp2_common/hardware_timer/timer.c.obj
 .debug_info    0x000000000000926e      0x1e4 CMakeFiles/geeps.dir/usr/local/pico-sdk/src/common/pico_sync/lock_core.c.obj
 .debug_info    0x0000000000009452     0x1feb CMakeFiles/geeps.dir/usr/local/pico-sdk/src/common/pico_sync/mutex.c.obj
 .debug_info    0x000000000000b43d     0x1aa5 CMakeFiles/geeps.dir/usr/local/pico-sdk/src/common/pico_util/pheap.c.obj
 .debug_info    0x000000000000cee2     0x1355 CMakeFiles/geeps.dir/usr/local/pico-sdk/src/rp2_common/pico_runtime/runtime.c.obj
 .debug_info    0x000000000000e237      0xf02 CMakeFiles/geeps.dir/usr/local/pico-sdk/src/rp2_common/hardware_clocks/clocks.c.obj
 .debug_info    0x000000000000f139     0x195a CMakeFiles/geeps.dir/usr/local/pico-sdk/src/rp2_common/hardware_irq/irq.c.obj
 .debug_info    0x0000000000010a93       0x26 CMakeFiles/geeps.dir/usr/local/pico-sdk/src/rp2_common/hardware_irq/irq_handler_chain.S.obj
 .debug_info    0x0000000000010ab9      0x4e8 CMakeFiles/geeps.dir/usr/local/pico-sdk/src/rp2_common/hardware_pll/pll.c.obj
 .debug_info    0x0000000000010fa1      0xd7e CMakeFiles/geeps.dir/usr/local/pico-sdk/src/rp2_common/hardware_watchdog/watchdog.c.obj
 .debug_info    0x0000000000011d1f      0x1c0 CMakeFiles/geeps.dir/usr/local/pico-sdk/src/rp2_common/hardware_xosc/xosc.c.obj
 .debug_info    0x0000000000011edf     0x1fbf CMakeFiles/geeps.dir/usr/local/pico-sdk/src/rp2_common/pico_printf/printf.c.obj
 .debug_info    0x0000000000013e9e       0x22 CMakeFiles/geeps.dir/usr/local/pico-sdk/src/rp2_common/pico_bit_ops/bit_ops_aeabi.S.obj
 .debug_info    0x0000000000013ec0      0x258 CMakeFiles/geeps.dir/usr/local/pico-sdk/src/rp2_common/pico_bootrom/bootrom.c.obj
 .debug_info    0x0000000000014118       0x22 CMakeFiles/geeps.dir/usr/local/pico-sdk/src/rp2_common/pico_divider/divider.S.obj
 .debug_info    0x000000000001413a       0x22 CMakeFiles/geeps.dir/usr/local/pico-sdk/src/rp2_common/pico_double/double_aeabi.S.obj
 .debug_info    0x000000000001415c      0xb2a CMakeFiles/geeps.dir/usr/local/pico-sdk/src/rp2_common/pico_double/double_init_rom.c.obj
 .debug_info    0x0000000000014c86       0x22 CMakeFiles/geeps.dir/usr/local/pico-sdk/src/rp2_common/pico_double/double_v1_rom_shim.S.obj
 .debug_info    0x0000000000014ca8       0x26 CMakeFiles/geeps.dir/usr/local/pico-sdk/src/rp2_common/pico_int64_ops/pico_int64_ops_aeabi.S.obj
 .debug_info    0x0000000000014cce       0x22 CMakeFiles/geeps.dir/usr/local/pico-sdk/src/rp2_common/pico_float/float_aeabi.S.obj
 .debug_info    0x0000000000014cf0      0xb44 CMakeFiles/geeps.dir/usr/local/pico-sdk/src/rp2_common/pico_float/float_init_rom.c.obj
 .debug_info    0x0000000000015834       0x22 CMakeFiles/geeps.dir/usr/local/pico-sdk/src/rp2_common/pico_float/float_v1_rom_shim.S.obj
 .debug_info    0x0000000000015856       0x22 CMakeFiles/geeps.dir/usr/local/pico-sdk/src/rp2_common/pico_mem_ops/mem_ops_aeabi.S.obj
 .debug_info    0x0000000000015878       0x22 CMakeFiles/geeps.dir/usr/local/pico-sdk/src/rp2_common/pico_standard_link/crt0.S.obj
 .debug_info    0x000000000001589a      0x2c6 CMakeFiles/geeps.dir/usr/local/pico-sdk/src/rp2_common/pico_standard_link/binary_info.c.obj
 .debug_info    0x0000000000015b60     0x1b7b CMakeFiles/geeps.dir/usr/local/pico-sdk/src/rp2_common/pico_stdio/stdio.c.obj
 .debug_info    0x00000000000176db      0xc0b CMakeFiles/geeps.dir/usr/local/pico-sdk/src/rp2_common/pico_stdio_uart/stdio_uart.c.obj
 .debug_info    0x00000000000182e6       0x26 /usr/lib/gcc/arm-none-eabi/9.2.1/thumb/v6-m/nofp/libgcc.a(_dvmd_tls.o)
 .debug_info    0x000000000001830c      0x973 /usr/lib/gcc/arm-none-eabi/9.2.1/../../../arm-none-eabi/lib/thumb/v6-m/nofp/libg.a(lib_a-strlen-stub.o)

.debug_abbrev   0x0000000000000000     0x4c09
 .debug_abbrev  0x0000000000000000      0x320 CMakeFiles/geeps.dir/src/main.cpp.obj
 .debug_abbrev  0x0000000000000320      0x2c4 CMakeFiles/geeps.dir/usr/local/pico-sdk/src/rp2_common/hardware_gpio/gpio.c.obj
 .debug_abbrev  0x00000000000005e4      0x2e9 CMakeFiles/geeps.dir/usr/local/pico-sdk/src/rp2_common/hardware_claim/claim.c.obj
 .debug_abbrev  0x00000000000008cd       0xeb CMakeFiles/geeps.dir/usr/local/pico-sdk/src/rp2_common/pico_platform/platform.c.obj
 .debug_abbrev  0x00000000000009b8      0x21b CMakeFiles/geeps.dir/usr/local/pico-sdk/src/rp2_common/hardware_sync/sync.c.obj
 .debug_abbrev  0x0000000000000bd3      0x2d8 CMakeFiles/geeps.dir/usr/local/pico-sdk/src/rp2_common/hardware_uart/uart.c.obj
 .debug_abbrev  0x0000000000000eab      0x628 CMakeFiles/geeps.dir/usr/local/pico-sdk/src/common/pico_time/time.c.obj
 .debug_abbrev  0x00000000000014d3      0x3b1 CMakeFiles/geeps.dir/usr/local/pico-sdk/src/rp2_common/hardware_timer/timer.c.obj
 .debug_abbrev  0x0000000000001884      0x138 CMakeFiles/geeps.dir/usr/local/pico-sdk/src/common/pico_sync/lock_core.c.obj
 .debug_abbrev  0x00000000000019bc      0x3aa CMakeFiles/geeps.dir/usr/local/pico-sdk/src/common/pico_sync/mutex.c.obj
 .debug_abbrev  0x0000000000001d66      0x3ad CMakeFiles/geeps.dir/usr/local/pico-sdk/src/common/pico_util/pheap.c.obj
 .debug_abbrev  0x0000000000002113      0x4a1 CMakeFiles/geeps.dir/usr/local/pico-sdk/src/rp2_common/pico_runtime/runtime.c.obj
 .debug_abbrev  0x00000000000025b4      0x3b6 CMakeFiles/geeps.dir/usr/local/pico-sdk/src/rp2_common/hardware_clocks/clocks.c.obj
 .debug_abbrev  0x000000000000296a      0x4dc CMakeFiles/geeps.dir/usr/local/pico-sdk/src/rp2_common/hardware_irq/irq.c.obj
 .debug_abbrev  0x0000000000002e46       0x14 CMakeFiles/geeps.dir/usr/local/pico-sdk/src/rp2_common/hardware_irq/irq_handler_chain.S.obj
 .debug_abbrev  0x0000000000002e5a      0x1ee CMakeFiles/geeps.dir/usr/local/pico-sdk/src/rp2_common/hardware_pll/pll.c.obj
 .debug_abbrev  0x0000000000003048      0x2cf CMakeFiles/geeps.dir/usr/local/pico-sdk/src/rp2_common/hardware_watchdog/watchdog.c.obj
 .debug_abbrev  0x0000000000003317      0x109 CMakeFiles/geeps.dir/usr/local/pico-sdk/src/rp2_common/hardware_xosc/xosc.c.obj
 .debug_abbrev  0x0000000000003420      0x4a1 CMakeFiles/geeps.dir/usr/local/pico-sdk/src/rp2_common/pico_printf/printf.c.obj
 .debug_abbrev  0x00000000000038c1       0x12 CMakeFiles/geeps.dir/usr/local/pico-sdk/src/rp2_common/pico_bit_ops/bit_ops_aeabi.S.obj
 .debug_abbrev  0x00000000000038d3      0x13b CMakeFiles/geeps.dir/usr/local/pico-sdk/src/rp2_common/pico_bootrom/bootrom.c.obj
 .debug_abbrev  0x0000000000003a0e       0x12 CMakeFiles/geeps.dir/usr/local/pico-sdk/src/rp2_common/pico_divider/divider.S.obj
 .debug_abbrev  0x0000000000003a20       0x12 CMakeFiles/geeps.dir/usr/local/pico-sdk/src/rp2_common/pico_double/double_aeabi.S.obj
 .debug_abbrev  0x0000000000003a32      0x2c2 CMakeFiles/geeps.dir/usr/local/pico-sdk/src/rp2_common/pico_double/double_init_rom.c.obj
 .debug_abbrev  0x0000000000003cf4       0x12 CMakeFiles/geeps.dir/usr/local/pico-sdk/src/rp2_common/pico_double/double_v1_rom_shim.S.obj
 .debug_abbrev  0x0000000000003d06       0x14 CMakeFiles/geeps.dir/usr/local/pico-sdk/src/rp2_common/pico_int64_ops/pico_int64_ops_aeabi.S.obj
 .debug_abbrev  0x0000000000003d1a       0x12 CMakeFiles/geeps.dir/usr/local/pico-sdk/src/rp2_common/pico_float/float_aeabi.S.obj
 .debug_abbrev  0x0000000000003d2c      0x2d5 CMakeFiles/geeps.dir/usr/local/pico-sdk/src/rp2_common/pico_float/float_init_rom.c.obj
 .debug_abbrev  0x0000000000004001       0x12 CMakeFiles/geeps.dir/usr/local/pico-sdk/src/rp2_common/pico_float/float_v1_rom_shim.S.obj
 .debug_abbrev  0x0000000000004013       0x12 CMakeFiles/geeps.dir/usr/local/pico-sdk/src/rp2_common/pico_mem_ops/mem_ops_aeabi.S.obj
 .debug_abbrev  0x0000000000004025       0x12 CMakeFiles/geeps.dir/usr/local/pico-sdk/src/rp2_common/pico_standard_link/crt0.S.obj
 .debug_abbrev  0x0000000000004037       0xad CMakeFiles/geeps.dir/usr/local/pico-sdk/src/rp2_common/pico_standard_link/binary_info.c.obj
 .debug_abbrev  0x00000000000040e4      0x583 CMakeFiles/geeps.dir/usr/local/pico-sdk/src/rp2_common/pico_stdio/stdio.c.obj
 .debug_abbrev  0x0000000000004667      0x3a6 CMakeFiles/geeps.dir/usr/local/pico-sdk/src/rp2_common/pico_stdio_uart/stdio_uart.c.obj
 .debug_abbrev  0x0000000000004a0d       0x14 /usr/lib/gcc/arm-none-eabi/9.2.1/thumb/v6-m/nofp/libgcc.a(_dvmd_tls.o)
 .debug_abbrev  0x0000000000004a21      0x1e8 /usr/lib/gcc/arm-none-eabi/9.2.1/../../../arm-none-eabi/lib/thumb/v6-m/nofp/libg.a(lib_a-strlen-stub.o)

.debug_loc      0x0000000000000000     0xd638
 .debug_loc     0x0000000000000000      0x114 CMakeFiles/geeps.dir/src/main.cpp.obj
 .debug_loc     0x0000000000000114      0xede CMakeFiles/geeps.dir/usr/local/pico-sdk/src/rp2_common/hardware_gpio/gpio.c.obj
 .debug_loc     0x0000000000000ff2      0x45f CMakeFiles/geeps.dir/usr/local/pico-sdk/src/rp2_common/hardware_claim/claim.c.obj
 .debug_loc     0x0000000000001451       0xe9 CMakeFiles/geeps.dir/usr/local/pico-sdk/src/rp2_common/pico_platform/platform.c.obj
 .debug_loc     0x000000000000153a      0x233 CMakeFiles/geeps.dir/usr/local/pico-sdk/src/rp2_common/hardware_sync/sync.c.obj
 .debug_loc     0x000000000000176d      0x520 CMakeFiles/geeps.dir/usr/local/pico-sdk/src/rp2_common/hardware_uart/uart.c.obj
 .debug_loc     0x0000000000001c8d     0x2e1d CMakeFiles/geeps.dir/usr/local/pico-sdk/src/common/pico_time/time.c.obj
 .debug_loc     0x0000000000004aaa      0x952 CMakeFiles/geeps.dir/usr/local/pico-sdk/src/rp2_common/hardware_timer/timer.c.obj
 .debug_loc     0x00000000000053fc       0x60 CMakeFiles/geeps.dir/usr/local/pico-sdk/src/common/pico_sync/lock_core.c.obj
 .debug_loc     0x000000000000545c     0x142d CMakeFiles/geeps.dir/usr/local/pico-sdk/src/common/pico_sync/mutex.c.obj
 .debug_loc     0x0000000000006889     0x1412 CMakeFiles/geeps.dir/usr/local/pico-sdk/src/common/pico_util/pheap.c.obj
 .debug_loc     0x0000000000007c9b      0x3f0 CMakeFiles/geeps.dir/usr/local/pico-sdk/src/rp2_common/pico_runtime/runtime.c.obj
 .debug_loc     0x000000000000808b      0x805 CMakeFiles/geeps.dir/usr/local/pico-sdk/src/rp2_common/hardware_clocks/clocks.c.obj
 .debug_loc     0x0000000000008890     0x1296 CMakeFiles/geeps.dir/usr/local/pico-sdk/src/rp2_common/hardware_irq/irq.c.obj
 .debug_loc     0x0000000000009b26      0x300 CMakeFiles/geeps.dir/usr/local/pico-sdk/src/rp2_common/hardware_pll/pll.c.obj
 .debug_loc     0x0000000000009e26      0x2ec CMakeFiles/geeps.dir/usr/local/pico-sdk/src/rp2_common/hardware_watchdog/watchdog.c.obj
 .debug_loc     0x000000000000a112       0x71 CMakeFiles/geeps.dir/usr/local/pico-sdk/src/rp2_common/hardware_xosc/xosc.c.obj
 .debug_loc     0x000000000000a183     0x210c CMakeFiles/geeps.dir/usr/local/pico-sdk/src/rp2_common/pico_printf/printf.c.obj
 .debug_loc     0x000000000000c28f      0x1a1 CMakeFiles/geeps.dir/usr/local/pico-sdk/src/rp2_common/pico_bootrom/bootrom.c.obj
 .debug_loc     0x000000000000c430       0x59 CMakeFiles/geeps.dir/usr/local/pico-sdk/src/rp2_common/pico_double/double_init_rom.c.obj
 .debug_loc     0x000000000000c489       0x73 CMakeFiles/geeps.dir/usr/local/pico-sdk/src/rp2_common/pico_float/float_init_rom.c.obj
 .debug_loc     0x000000000000c4fc      0xbad CMakeFiles/geeps.dir/usr/local/pico-sdk/src/rp2_common/pico_stdio/stdio.c.obj
 .debug_loc     0x000000000000d0a9      0x4ec CMakeFiles/geeps.dir/usr/local/pico-sdk/src/rp2_common/pico_stdio_uart/stdio_uart.c.obj
 .debug_loc     0x000000000000d595       0xa3 /usr/lib/gcc/arm-none-eabi/9.2.1/../../../arm-none-eabi/lib/thumb/v6-m/nofp/libg.a(lib_a-strlen-stub.o)

.debug_aranges  0x0000000000000000      0xdc0
 .debug_aranges
                0x0000000000000000       0x20 CMakeFiles/geeps.dir/src/main.cpp.obj
 .debug_aranges
                0x0000000000000020       0xd8 CMakeFiles/geeps.dir/usr/local/pico-sdk/src/rp2_common/hardware_gpio/gpio.c.obj
 .debug_aranges
                0x00000000000000f8       0x48 CMakeFiles/geeps.dir/usr/local/pico-sdk/src/rp2_common/hardware_claim/claim.c.obj
 .debug_aranges
                0x0000000000000140       0x28 CMakeFiles/geeps.dir/usr/local/pico-sdk/src/rp2_common/pico_platform/platform.c.obj
 .debug_aranges
                0x0000000000000168       0x58 CMakeFiles/geeps.dir/usr/local/pico-sdk/src/rp2_common/hardware_sync/sync.c.obj
 .debug_aranges
                0x00000000000001c0       0x40 CMakeFiles/geeps.dir/usr/local/pico-sdk/src/rp2_common/hardware_uart/uart.c.obj
 .debug_aranges
                0x0000000000000200       0xd0 CMakeFiles/geeps.dir/usr/local/pico-sdk/src/common/pico_time/time.c.obj
 .debug_aranges
                0x00000000000002d0       0x78 CMakeFiles/geeps.dir/usr/local/pico-sdk/src/rp2_common/hardware_timer/timer.c.obj
 .debug_aranges
                0x0000000000000348       0x20 CMakeFiles/geeps.dir/usr/local/pico-sdk/src/common/pico_sync/lock_core.c.obj
 .debug_aranges
                0x0000000000000368       0x88 CMakeFiles/geeps.dir/usr/local/pico-sdk/src/common/pico_sync/mutex.c.obj
 .debug_aranges
                0x00000000000003f0       0x78 CMakeFiles/geeps.dir/usr/local/pico-sdk/src/common/pico_util/pheap.c.obj
 .debug_aranges
                0x0000000000000468       0x60 CMakeFiles/geeps.dir/usr/local/pico-sdk/src/rp2_common/pico_runtime/runtime.c.obj
 .debug_aranges
                0x00000000000004c8       0x70 CMakeFiles/geeps.dir/usr/local/pico-sdk/src/rp2_common/hardware_clocks/clocks.c.obj
 .debug_aranges
                0x0000000000000538       0x98 CMakeFiles/geeps.dir/usr/local/pico-sdk/src/rp2_common/hardware_irq/irq.c.obj
 .debug_aranges
                0x00000000000005d0       0x20 CMakeFiles/geeps.dir/usr/local/pico-sdk/src/rp2_common/hardware_irq/irq_handler_chain.S.obj
 .debug_aranges
                0x00000000000005f0       0x28 CMakeFiles/geeps.dir/usr/local/pico-sdk/src/rp2_common/hardware_pll/pll.c.obj
 .debug_aranges
                0x0000000000000618       0x58 CMakeFiles/geeps.dir/usr/local/pico-sdk/src/rp2_common/hardware_watchdog/watchdog.c.obj
 .debug_aranges
                0x0000000000000670       0x30 CMakeFiles/geeps.dir/usr/local/pico-sdk/src/rp2_common/hardware_xosc/xosc.c.obj
 .debug_aranges
                0x00000000000006a0       0x90 CMakeFiles/geeps.dir/usr/local/pico-sdk/src/rp2_common/pico_printf/printf.c.obj
 .debug_aranges
                0x0000000000000730       0x68 CMakeFiles/geeps.dir/usr/local/pico-sdk/src/rp2_common/pico_bit_ops/bit_ops_aeabi.S.obj
 .debug_aranges
                0x0000000000000798       0x30 CMakeFiles/geeps.dir/usr/local/pico-sdk/src/rp2_common/pico_bootrom/bootrom.c.obj
 .debug_aranges
                0x00000000000007c8       0x40 CMakeFiles/geeps.dir/usr/local/pico-sdk/src/rp2_common/pico_divider/divider.S.obj
 .debug_aranges
                0x0000000000000808      0x140 CMakeFiles/geeps.dir/usr/local/pico-sdk/src/rp2_common/pico_double/double_aeabi.S.obj
 .debug_aranges
                0x0000000000000948       0x20 CMakeFiles/geeps.dir/usr/local/pico-sdk/src/rp2_common/pico_double/double_init_rom.c.obj
 .debug_aranges
                0x0000000000000968       0xc8 CMakeFiles/geeps.dir/usr/local/pico-sdk/src/rp2_common/pico_double/double_v1_rom_shim.S.obj
 .debug_aranges
                0x0000000000000a30       0x20 CMakeFiles/geeps.dir/usr/local/pico-sdk/src/rp2_common/pico_int64_ops/pico_int64_ops_aeabi.S.obj
 .debug_aranges
                0x0000000000000a50      0x130 CMakeFiles/geeps.dir/usr/local/pico-sdk/src/rp2_common/pico_float/float_aeabi.S.obj
 .debug_aranges
                0x0000000000000b80       0x20 CMakeFiles/geeps.dir/usr/local/pico-sdk/src/rp2_common/pico_float/float_init_rom.c.obj
 .debug_aranges
                0x0000000000000ba0       0x50 CMakeFiles/geeps.dir/usr/local/pico-sdk/src/rp2_common/pico_float/float_v1_rom_shim.S.obj
 .debug_aranges
                0x0000000000000bf0       0x38 CMakeFiles/geeps.dir/usr/local/pico-sdk/src/rp2_common/pico_mem_ops/mem_ops_aeabi.S.obj
 .debug_aranges
                0x0000000000000c28       0x28 CMakeFiles/geeps.dir/usr/local/pico-sdk/src/rp2_common/pico_standard_link/crt0.S.obj
 .debug_aranges
                0x0000000000000c50       0x18 CMakeFiles/geeps.dir/usr/local/pico-sdk/src/rp2_common/pico_standard_link/binary_info.c.obj
 .debug_aranges
                0x0000000000000c68       0xd0 CMakeFiles/geeps.dir/usr/local/pico-sdk/src/rp2_common/pico_stdio/stdio.c.obj
 .debug_aranges
                0x0000000000000d38       0x48 CMakeFiles/geeps.dir/usr/local/pico-sdk/src/rp2_common/pico_stdio_uart/stdio_uart.c.obj
 .debug_aranges
                0x0000000000000d80       0x20 /usr/lib/gcc/arm-none-eabi/9.2.1/thumb/v6-m/nofp/libgcc.a(_dvmd_tls.o)
 .debug_aranges
                0x0000000000000da0       0x20 /usr/lib/gcc/arm-none-eabi/9.2.1/../../../arm-none-eabi/lib/thumb/v6-m/nofp/libg.a(lib_a-strlen-stub.o)

.debug_ranges   0x0000000000000000     0x2f38
 .debug_ranges  0x0000000000000000       0x10 CMakeFiles/geeps.dir/src/main.cpp.obj
 .debug_ranges  0x0000000000000010       0xe0 CMakeFiles/geeps.dir/usr/local/pico-sdk/src/rp2_common/hardware_gpio/gpio.c.obj
 .debug_ranges  0x00000000000000f0       0xd8 CMakeFiles/geeps.dir/usr/local/pico-sdk/src/rp2_common/hardware_claim/claim.c.obj
 .debug_ranges  0x00000000000001c8       0x18 CMakeFiles/geeps.dir/usr/local/pico-sdk/src/rp2_common/pico_platform/platform.c.obj
 .debug_ranges  0x00000000000001e0       0xf0 CMakeFiles/geeps.dir/usr/local/pico-sdk/src/rp2_common/hardware_sync/sync.c.obj
 .debug_ranges  0x00000000000002d0       0xf8 CMakeFiles/geeps.dir/usr/local/pico-sdk/src/rp2_common/hardware_uart/uart.c.obj
 .debug_ranges  0x00000000000003c8      0xbc0 CMakeFiles/geeps.dir/usr/local/pico-sdk/src/common/pico_time/time.c.obj
 .debug_ranges  0x0000000000000f88      0x320 CMakeFiles/geeps.dir/usr/local/pico-sdk/src/rp2_common/hardware_timer/timer.c.obj
 .debug_ranges  0x00000000000012a8       0x10 CMakeFiles/geeps.dir/usr/local/pico-sdk/src/common/pico_sync/lock_core.c.obj
 .debug_ranges  0x00000000000012b8      0xab8 CMakeFiles/geeps.dir/usr/local/pico-sdk/src/common/pico_sync/mutex.c.obj